// Jest Snapshot v1, https://goo.gl/fbAQLP

exports[`IncomingPaymentRequestListScreen renders correctly with no requests 1`] = `
<RNCSafeAreaView
  edges={
    {
      "bottom": "additive",
      "left": "additive",
      "right": "additive",
      "top": "additive",
    }
  }
  style={
    {
      "flex": 1,
    }
  }
>
  <Text
    style={
      [
        {
          "color": "#2E3338",
          "fontFamily": "Inter-Regular",
          "fontSize": 16,
          "lineHeight": 22,
        },
        {
          "marginTop": 30,
          "textAlign": "center",
        },
      ]
    }
  >
    emptyList
  </Text>
</RNCSafeAreaView>
`;

exports[`IncomingPaymentRequestListScreen renders correctly with requests 1`] = `
<RNCSafeAreaView
  edges={
    {
      "bottom": "additive",
      "left": "additive",
      "right": "additive",
      "top": "additive",
    }
  }
  style={
    {
      "flex": 1,
    }
  }
>
  <RCTScrollView>
    <View>
      <View
        style={
          {
            "margin": 16,
          }
        }
      >
        <View
          style={
            {
              "marginBottom": 16,
            }
          }
        >
          <View
            style={
              [
                {
                  "backgroundColor": "#FFFFFF",
                  "padding": 16,
                },
                {
                  "borderRadius": 8,
                },
                undefined,
                [
                  {
                    "borderColor": "#E6E6E6",
                    "borderWidth": 1,
                    "flex": 1,
                    "minHeight": 144,
                  },
                  {},
                ],
              ]
            }
            testID="IncomingPaymentRequestNotification/7363bvby2ba8270273"
          >
            <View
              style={
                {
                  "flex": 1,
                  "flexDirection": "row",
                }
              }
            >
              <View
                style={
                  {
                    "flex": 1,
                    "marginRight": 16,
                  }
                }
              >
                <Text
                  numberOfLines={2}
                  style={
                    {
                      "color": "#666666",
                      "fontFamily": "Inter-Regular",
                      "fontSize": 13,
                      "lineHeight": 16,
                      "marginBottom": 4,
                    }
                  }
                  testID="IncomingPaymentRequestNotification/7363bvby2ba8270273/Title"
                >
                  incomingPaymentRequestNotificationTitle, {"name":"John Doe"}
                </Text>
                <Text
                  numberOfLines={1}
                  style={
                    {
                      "color": "#2E3338",
                      "fontFamily": "Inter-SemiBold",
                      "fontSize": 24,
                      "lineHeight": 28,
                      "marginBottom": 2,
                    }
                  }
                  testID="IncomingPaymentRequestNotification/7363bvby2ba8270273/Amount"
                >
                  <Text
                    style={
                      [
                        undefined,
                        {
                          "color": undefined,
                        },
                      ]
                    }
                    testID="undefined/value"
                  >
                    â‚±
                    26.60
                  </Text>
                </Text>
                <Text
                  style={
                    {
                      "color": "#2E3338",
                      "fontFamily": "Inter-Regular",
                      "fontSize": 14,
                      "lineHeight": 18,
                    }
                  }
                  testID="IncomingPaymentRequestNotification/7363bvby2ba8270273/Details"
                >
                  Just the best
                </Text>
              </View>
              <View
                style={{}}
              >
                <View
                  style={
                    [
                      {
                        "alignItems": "center",
                        "flexDirection": "row",
                        "justifyContent": "center",
                      },
                      undefined,
                    ]
                  }
                >
                  <View
                    style={
                      [
                        {
                          "alignItems": "center",
                          "justifyContent": "center",
                        },
                        {
                          "backgroundColor": "hsl(0, 53%, 93%)",
                          "borderRadius": 20,
                          "height": 40,
                          "width": 40,
                        },
                      ]
                    }
                  >
                    <Text
                      allowFontScaling={false}
                      style={
                        [
                          {
                            "color": "#FFFFFF",
                            "fontFamily": "Inter-Medium",
                            "fontSize": 16,
                          },
                          {
                            "color": "hsl(0, 67%, 24%)",
                            "fontSize": 20,
                          },
                        ]
                      }
                    >
                      J
                    </Text>
                  </View>
                </View>
              </View>
            </View>
            <View
              style={
                {
                  "flexDirection": "row",
                  "flexWrap": "wrap",
                  "justifyContent": "flex-start",
                }
              }
              testID="IncomingPaymentRequestNotification/7363bvby2ba8270273/CallToActions"
            >
              <View
                accessibilityState={
                  {
                    "busy": undefined,
                    "checked": undefined,
                    "disabled": undefined,
                    "expanded": undefined,
                    "selected": undefined,
                  }
                }
                accessibilityValue={
                  {
                    "max": undefined,
                    "min": undefined,
                    "now": undefined,
                    "text": undefined,
                  }
                }
                accessible={true}
                focusable={true}
                nativeBackgroundAndroid={
                  {
                    "attribute": "selectableItemBackgroundBorderless",
                    "rippleRadius": undefined,
                    "type": "ThemeAttrAndroid",
                  }
                }
                onClick={[Function]}
                onResponderGrant={[Function]}
                onResponderMove={[Function]}
                onResponderRelease={[Function]}
                onResponderTerminate={[Function]}
                onResponderTerminationRequest={[Function]}
                onStartShouldSetResponder={[Function]}
                testID="IncomingPaymentRequestNotification/7363bvby2ba8270273/CallToActions/send/Button"
              >
                <Text
                  style={
                    [
                      {
                        "color": "#1AB775",
                        "fontFamily": "Inter-SemiBold",
                        "fontSize": 16,
                        "lineHeight": 22,
                      },
                      {
                        "fontSize": 14,
                        "lineHeight": 16,
                        "marginRight": 24,
                        "minHeight": 16,
                        "minWidth": 48,
                      },
                    ]
                  }
                >
                  send
                </Text>
              </View>
              <View
                accessibilityState={
                  {
                    "busy": undefined,
                    "checked": undefined,
                    "disabled": undefined,
                    "expanded": undefined,
                    "selected": undefined,
                  }
                }
                accessibilityValue={
                  {
                    "max": undefined,
                    "min": undefined,
                    "now": undefined,
                    "text": undefined,
                  }
                }
                accessible={true}
                focusable={true}
                nativeBackgroundAndroid={
                  {
                    "attribute": "selectableItemBackgroundBorderless",
                    "rippleRadius": undefined,
                    "type": "ThemeAttrAndroid",
                  }
                }
                onClick={[Function]}
                onResponderGrant={[Function]}
                onResponderMove={[Function]}
                onResponderRelease={[Function]}
                onResponderTerminate={[Function]}
                onResponderTerminationRequest={[Function]}
                onStartShouldSetResponder={[Function]}
                testID="IncomingPaymentRequestNotification/7363bvby2ba8270273/CallToActions/decline/Button"
              >
                <Text
                  style={
                    [
                      {
                        "color": "#1AB775",
                        "fontFamily": "Inter-SemiBold",
                        "fontSize": 16,
                        "lineHeight": 22,
                      },
                      {
                        "fontSize": 14,
                        "lineHeight": 16,
                        "marginRight": 24,
                        "minHeight": 16,
                        "minWidth": 48,
                      },
                    ]
                  }
                >
                  decline
                </Text>
              </View>
            </View>
          </View>
        </View>
        <View
          style={
            {
              "marginBottom": 16,
            }
          }
        >
          <View
            style={
              [
                {
                  "backgroundColor": "#FFFFFF",
                  "padding": 16,
                },
                {
                  "borderRadius": 8,
                },
                undefined,
                [
                  {
                    "borderColor": "#E6E6E6",
                    "borderWidth": 1,
                    "flex": 1,
                    "minHeight": 144,
                  },
                  {},
                ],
              ]
            }
            testID="IncomingPaymentRequestNotification/7363bvby2ba8270273"
          >
            <View
              style={
                {
                  "flex": 1,
                  "flexDirection": "row",
                }
              }
            >
              <View
                style={
                  {
                    "flex": 1,
                    "marginRight": 16,
                  }
                }
              >
                <Text
                  numberOfLines={2}
                  style={
                    {
                      "color": "#666666",
                      "fontFamily": "Inter-Regular",
                      "fontSize": 13,
                      "lineHeight": 16,
                      "marginBottom": 4,
                    }
                  }
                  testID="IncomingPaymentRequestNotification/7363bvby2ba8270273/Title"
                >
                  incomingPaymentRequestNotificationTitle, {"name":"John Doe"}
                </Text>
                <Text
                  numberOfLines={1}
                  style={
                    {
                      "color": "#2E3338",
                      "fontFamily": "Inter-SemiBold",
                      "fontSize": 24,
                      "lineHeight": 28,
                      "marginBottom": 2,
                    }
                  }
                  testID="IncomingPaymentRequestNotification/7363bvby2ba8270273/Amount"
                >
                  <Text
                    style={
                      [
                        undefined,
                        {
                          "color": undefined,
                        },
                      ]
                    }
                    testID="undefined/value"
                  >
                    â‚±
                    135.66
                  </Text>
                </Text>
                <Text
                  style={
                    {
                      "color": "#2E3338",
                      "fontFamily": "Inter-Regular",
                      "fontSize": 14,
                      "lineHeight": 18,
                    }
                  }
                  testID="IncomingPaymentRequestNotification/7363bvby2ba8270273/Details"
                >
                  Just the best for the best. Thanos & Zeus Gods of ultimate Power
                </Text>
              </View>
              <View
                style={{}}
              >
                <View
                  style={
                    [
                      {
                        "alignItems": "center",
                        "flexDirection": "row",
                        "justifyContent": "center",
                      },
                      undefined,
                    ]
                  }
                >
                  <View
                    style={
                      [
                        {
                          "alignItems": "center",
                          "justifyContent": "center",
                        },
                        {
                          "backgroundColor": "hsl(0, 53%, 93%)",
                          "borderRadius": 20,
                          "height": 40,
                          "width": 40,
                        },
                      ]
                    }
                  >
                    <Text
                      allowFontScaling={false}
                      style={
                        [
                          {
                            "color": "#FFFFFF",
                            "fontFamily": "Inter-Medium",
                            "fontSize": 16,
                          },
                          {
                            "color": "hsl(0, 67%, 24%)",
                            "fontSize": 20,
                          },
                        ]
                      }
                    >
                      J
                    </Text>
                  </View>
                </View>
              </View>
            </View>
            <View
              style={
                {
                  "flexDirection": "row",
                  "flexWrap": "wrap",
                  "justifyContent": "flex-start",
                }
              }
              testID="IncomingPaymentRequestNotification/7363bvby2ba8270273/CallToActions"
            >
              <View
                accessibilityState={
                  {
                    "busy": undefined,
                    "checked": undefined,
                    "disabled": undefined,
                    "expanded": undefined,
                    "selected": undefined,
                  }
                }
                accessibilityValue={
                  {
                    "max": undefined,
                    "min": undefined,
                    "now": undefined,
                    "text": undefined,
                  }
                }
                accessible={true}
                focusable={true}
                nativeBackgroundAndroid={
                  {
                    "attribute": "selectableItemBackgroundBorderless",
                    "rippleRadius": undefined,
                    "type": "ThemeAttrAndroid",
                  }
                }
                onClick={[Function]}
                onResponderGrant={[Function]}
                onResponderMove={[Function]}
                onResponderRelease={[Function]}
                onResponderTerminate={[Function]}
                onResponderTerminationRequest={[Function]}
                onStartShouldSetResponder={[Function]}
                testID="IncomingPaymentRequestNotification/7363bvby2ba8270273/CallToActions/send/Button"
              >
                <Text
                  style={
                    [
                      {
                        "color": "#1AB775",
                        "fontFamily": "Inter-SemiBold",
                        "fontSize": 16,
                        "lineHeight": 22,
                      },
                      {
                        "fontSize": 14,
                        "lineHeight": 16,
                        "marginRight": 24,
                        "minHeight": 16,
                        "minWidth": 48,
                      },
                    ]
                  }
                >
                  send
                </Text>
              </View>
              <View
                accessibilityState={
                  {
                    "busy": undefined,
                    "checked": undefined,
                    "disabled": undefined,
                    "expanded": undefined,
                    "selected": undefined,
                  }
                }
                accessibilityValue={
                  {
                    "max": undefined,
                    "min": undefined,
                    "now": undefined,
                    "text": undefined,
                  }
                }
                accessible={true}
                focusable={true}
                nativeBackgroundAndroid={
                  {
                    "attribute": "selectableItemBackgroundBorderless",
                    "rippleRadius": undefined,
                    "type": "ThemeAttrAndroid",
                  }
                }
                onClick={[Function]}
                onResponderGrant={[Function]}
                onResponderMove={[Function]}
                onResponderRelease={[Function]}
                onResponderTerminate={[Function]}
                onResponderTerminationRequest={[Function]}
                onStartShouldSetResponder={[Function]}
                testID="IncomingPaymentRequestNotification/7363bvby2ba8270273/CallToActions/decline/Button"
              >
                <Text
                  style={
                    [
                      {
                        "color": "#1AB775",
                        "fontFamily": "Inter-SemiBold",
                        "fontSize": 16,
                        "lineHeight": 22,
                      },
                      {
                        "fontSize": 14,
                        "lineHeight": 16,
                        "marginRight": 24,
                        "minHeight": 16,
                        "minWidth": 48,
                      },
                    ]
                  }
                >
                  decline
                </Text>
              </View>
            </View>
          </View>
        </View>
        <View
          style={
            {
              "marginBottom": 16,
            }
          }
        >
          <View
            style={
              [
                {
                  "backgroundColor": "#FFFFFF",
                  "padding": 16,
                },
                {
                  "borderRadius": 8,
                },
                undefined,
                [
                  {
                    "borderColor": "#E6E6E6",
                    "borderWidth": 1,
                    "flex": 1,
                    "minHeight": 144,
                  },
                  {},
                ],
              ]
            }
            testID="IncomingPaymentRequestNotification/7363bvby2ba8270273"
          >
            <View
              style={
                {
                  "flex": 1,
                  "flexDirection": "row",
                }
              }
            >
              <View
                style={
                  {
                    "flex": 1,
                    "marginRight": 16,
                  }
                }
              >
                <Text
                  numberOfLines={2}
                  style={
                    {
                      "color": "#666666",
                      "fontFamily": "Inter-Regular",
                      "fontSize": 13,
                      "lineHeight": 16,
                      "marginBottom": 4,
                    }
                  }
                  testID="IncomingPaymentRequestNotification/7363bvby2ba8270273/Title"
                >
                  incomingPaymentRequestNotificationTitle, {"name":"John Doe"}
                </Text>
                <Text
                  numberOfLines={1}
                  style={
                    {
                      "color": "#2E3338",
                      "fontFamily": "Inter-SemiBold",
                      "fontSize": 24,
                      "lineHeight": 28,
                      "marginBottom": 2,
                    }
                  }
                  testID="IncomingPaymentRequestNotification/7363bvby2ba8270273/Amount"
                >
                  <Text
                    style={
                      [
                        undefined,
                        {
                          "color": undefined,
                        },
                      ]
                    }
                    testID="undefined/value"
                  >
                    â‚±
                    1.33
                  </Text>
                </Text>
                <Text
                  style={
                    {
                      "color": "#2E3338",
                      "fontFamily": "Inter-Regular",
                      "fontSize": 14,
                      "lineHeight": 18,
                    }
                  }
                  testID="IncomingPaymentRequestNotification/7363bvby2ba8270273/Details"
                >
                  Just the best but less
                </Text>
              </View>
              <View
                style={{}}
              >
                <View
                  style={
                    [
                      {
                        "alignItems": "center",
                        "flexDirection": "row",
                        "justifyContent": "center",
                      },
                      undefined,
                    ]
                  }
                >
                  <View
                    style={
                      [
                        {
                          "alignItems": "center",
                          "justifyContent": "center",
                        },
                        {
                          "backgroundColor": "hsl(0, 53%, 93%)",
                          "borderRadius": 20,
                          "height": 40,
                          "width": 40,
                        },
                      ]
                    }
                  >
                    <Text
                      allowFontScaling={false}
                      style={
                        [
                          {
                            "color": "#FFFFFF",
                            "fontFamily": "Inter-Medium",
                            "fontSize": 16,
                          },
                          {
                            "color": "hsl(0, 67%, 24%)",
                            "fontSize": 20,
                          },
                        ]
                      }
                    >
                      J
                    </Text>
                  </View>
                </View>
              </View>
            </View>
            <View
              style={
                {
                  "flexDirection": "row",
                  "flexWrap": "wrap",
                  "justifyContent": "flex-start",
                }
              }
              testID="IncomingPaymentRequestNotification/7363bvby2ba8270273/CallToActions"
            >
              <View
                accessibilityState={
                  {
                    "busy": undefined,
                    "checked": undefined,
                    "disabled": undefined,
                    "expanded": undefined,
                    "selected": undefined,
                  }
                }
                accessibilityValue={
                  {
                    "max": undefined,
                    "min": undefined,
                    "now": undefined,
                    "text": undefined,
                  }
                }
                accessible={true}
                focusable={true}
                nativeBackgroundAndroid={
                  {
                    "attribute": "selectableItemBackgroundBorderless",
                    "rippleRadius": undefined,
                    "type": "ThemeAttrAndroid",
                  }
                }
                onClick={[Function]}
                onResponderGrant={[Function]}
                onResponderMove={[Function]}
                onResponderRelease={[Function]}
                onResponderTerminate={[Function]}
                onResponderTerminationRequest={[Function]}
                onStartShouldSetResponder={[Function]}
                testID="IncomingPaymentRequestNotification/7363bvby2ba8270273/CallToActions/send/Button"
              >
                <Text
                  style={
                    [
                      {
                        "color": "#1AB775",
                        "fontFamily": "Inter-SemiBold",
                        "fontSize": 16,
                        "lineHeight": 22,
                      },
                      {
                        "fontSize": 14,
                        "lineHeight": 16,
                        "marginRight": 24,
                        "minHeight": 16,
                        "minWidth": 48,
                      },
                    ]
                  }
                >
                  send
                </Text>
              </View>
              <View
                accessibilityState={
                  {
                    "busy": undefined,
                    "checked": undefined,
                    "disabled": undefined,
                    "expanded": undefined,
                    "selected": undefined,
                  }
                }
                accessibilityValue={
                  {
                    "max": undefined,
                    "min": undefined,
                    "now": undefined,
                    "text": undefined,
                  }
                }
                accessible={true}
                focusable={true}
                nativeBackgroundAndroid={
                  {
                    "attribute": "selectableItemBackgroundBorderless",
                    "rippleRadius": undefined,
                    "type": "ThemeAttrAndroid",
                  }
                }
                onClick={[Function]}
                onResponderGrant={[Function]}
                onResponderMove={[Function]}
                onResponderRelease={[Function]}
                onResponderTerminate={[Function]}
                onResponderTerminationRequest={[Function]}
                onStartShouldSetResponder={[Function]}
                testID="IncomingPaymentRequestNotification/7363bvby2ba8270273/CallToActions/decline/Button"
              >
                <Text
                  style={
                    [
                      {
                        "color": "#1AB775",
                        "fontFamily": "Inter-SemiBold",
                        "fontSize": 16,
                        "lineHeight": 22,
                      },
                      {
                        "fontSize": 14,
                        "lineHeight": 16,
                        "marginRight": 24,
                        "minHeight": 16,
                        "minWidth": 48,
                      },
                    ]
                  }
                >
                  decline
                </Text>
              </View>
            </View>
          </View>
        </View>
      </View>
    </View>
  </RCTScrollView>
</RNCSafeAreaView>
`;
