// Jest Snapshot v1, https://goo.gl/fbAQLP

exports[`OutgoingPaymentRequestListItem renders correctly 1`] = `
<View
  style={
    [
      {
        "backgroundColor": "#FFFFFF",
        "padding": 16,
      },
      {
        "borderRadius": 8,
      },
      undefined,
      [
        {
          "borderColor": "#E6E6E6",
          "borderWidth": 1,
          "flex": 1,
          "minHeight": 144,
        },
        {},
      ],
    ]
  }
  testID="OutgoingPaymentRequestNotification/1"
>
  <View
    style={
      {
        "flex": 1,
        "flexDirection": "row",
      }
    }
  >
    <View
      style={
        {
          "flex": 1,
          "marginRight": 16,
        }
      }
    >
      <Text
        numberOfLines={2}
        style={
          {
            "color": "#666666",
            "fontFamily": "Inter-Regular",
            "fontSize": 13,
            "lineHeight": 16,
            "marginBottom": 4,
          }
        }
        testID="OutgoingPaymentRequestNotification/1/Title"
      >
        outgoingPaymentRequestNotificationTitle, {"name":"5126608970"}
      </Text>
      <Text
        numberOfLines={1}
        style={
          {
            "color": "#2E3338",
            "fontFamily": "Inter-SemiBold",
            "fontSize": 24,
            "lineHeight": 28,
            "marginBottom": 2,
          }
        }
        testID="OutgoingPaymentRequestNotification/1/Amount"
      >
        <Text
          style={
            [
              undefined,
              {
                "color": undefined,
              },
            ]
          }
          testID="undefined/value"
        >
          â‚±
          31.92
        </Text>
      </Text>
      <Text
        style={
          {
            "color": "#2E3338",
            "fontFamily": "Inter-Regular",
            "fontSize": 14,
            "lineHeight": 18,
          }
        }
        testID="OutgoingPaymentRequestNotification/1/Details"
      >
        Hey thanks for the loan, Ill pay you back ASAP. LOVE YOU
      </Text>
    </View>
    <View
      style={{}}
    >
      <View
        style={
          [
            {
              "alignItems": "center",
              "flexDirection": "row",
              "justifyContent": "center",
            },
            undefined,
          ]
        }
      >
        <View
          style={
            [
              {
                "alignItems": "center",
                "justifyContent": "center",
              },
              {
                "backgroundColor": "hsl(166, 53%, 93%)",
                "borderRadius": 20,
                "height": 40,
                "width": 40,
              },
            ]
          }
        >
          <Text
            allowFontScaling={false}
            style={
              [
                {
                  "color": "#FFFFFF",
                  "fontFamily": "Inter-Medium",
                  "fontSize": 16,
                },
                {
                  "color": "hsl(166, 67%, 24%)",
                  "fontSize": 20,
                },
              ]
            }
          >
            5
          </Text>
        </View>
      </View>
    </View>
  </View>
  <View
    style={
      {
        "flexDirection": "row",
        "flexWrap": "wrap",
        "justifyContent": "flex-start",
      }
    }
    testID="OutgoingPaymentRequestNotification/1/CallToActions"
  >
    <View
      accessibilityState={
        {
          "busy": undefined,
          "checked": undefined,
          "disabled": undefined,
          "expanded": undefined,
          "selected": undefined,
        }
      }
      accessibilityValue={
        {
          "max": undefined,
          "min": undefined,
          "now": undefined,
          "text": undefined,
        }
      }
      accessible={true}
      focusable={true}
      nativeBackgroundAndroid={
        {
          "attribute": "selectableItemBackgroundBorderless",
          "rippleRadius": undefined,
          "type": "ThemeAttrAndroid",
        }
      }
      onClick={[Function]}
      onResponderGrant={[Function]}
      onResponderMove={[Function]}
      onResponderRelease={[Function]}
      onResponderTerminate={[Function]}
      onResponderTerminationRequest={[Function]}
      onStartShouldSetResponder={[Function]}
      testID="OutgoingPaymentRequestNotification/1/CallToActions/remind/Button"
    >
      <Text
        style={
          [
            {
              "color": "#1AB775",
              "fontFamily": "Inter-SemiBold",
              "fontSize": 16,
              "lineHeight": 22,
            },
            {
              "fontSize": 14,
              "lineHeight": 16,
              "marginRight": 24,
              "minHeight": 16,
              "minWidth": 48,
            },
          ]
        }
      >
        remind
      </Text>
    </View>
    <View
      accessibilityState={
        {
          "busy": undefined,
          "checked": undefined,
          "disabled": undefined,
          "expanded": undefined,
          "selected": undefined,
        }
      }
      accessibilityValue={
        {
          "max": undefined,
          "min": undefined,
          "now": undefined,
          "text": undefined,
        }
      }
      accessible={true}
      focusable={true}
      nativeBackgroundAndroid={
        {
          "attribute": "selectableItemBackgroundBorderless",
          "rippleRadius": undefined,
          "type": "ThemeAttrAndroid",
        }
      }
      onClick={[Function]}
      onResponderGrant={[Function]}
      onResponderMove={[Function]}
      onResponderRelease={[Function]}
      onResponderTerminate={[Function]}
      onResponderTerminationRequest={[Function]}
      onStartShouldSetResponder={[Function]}
      testID="OutgoingPaymentRequestNotification/1/CallToActions/cancel/Button"
    >
      <Text
        style={
          [
            {
              "color": "#1AB775",
              "fontFamily": "Inter-SemiBold",
              "fontSize": 16,
              "lineHeight": 22,
            },
            {
              "fontSize": 14,
              "lineHeight": 16,
              "marginRight": 24,
              "minHeight": 16,
              "minWidth": 48,
            },
          ]
        }
      >
        cancel
      </Text>
    </View>
  </View>
</View>
`;
