// Jest Snapshot v1, https://goo.gl/fbAQLP

exports[`PaymentRequestConfirmation renders correctly for request payment confirmation 1`] = `
<RNCSafeAreaView
  edges={
    [
      "bottom",
    ]
  }
  style={
    {
      "flex": 1,
      "padding": 8,
    }
  }
>
  <View
    style={
      [
        {
          "backgroundColor": "#FFFFFF",
          "flex": 1,
        },
        undefined,
      ]
    }
  >
    <RCTScrollView
      contentContainerStyle={
        {
          "paddingVertical": 10,
        }
      }
      keyboardShouldPersistTaps="handled"
      testID="KeyboardAwareScrollView"
    >
      <View>
        <View
          style={
            {
              "marginHorizontal": 16,
            }
          }
        >
          <View
            style={
              {
                "alignItems": "flex-start",
                "paddingBottom": 24,
              }
            }
          >
            <View
              style={
                {
                  "alignItems": "flex-start",
                  "flexDirection": "row",
                }
              }
            >
              <View
                style={
                  [
                    {
                      "alignItems": "center",
                      "flexDirection": "row",
                      "justifyContent": "center",
                    },
                    undefined,
                  ]
                }
              >
                <View
                  style={
                    [
                      {
                        "alignItems": "center",
                        "justifyContent": "center",
                      },
                      {
                        "backgroundColor": "hsl(195, 53%, 93%)",
                        "borderRadius": 20,
                        "height": 40,
                        "width": 40,
                      },
                    ]
                  }
                >
                  <Text
                    allowFontScaling={false}
                    style={
                      [
                        {
                          "color": "#FFFFFF",
                          "fontFamily": "Inter-Medium",
                          "fontSize": 16,
                        },
                        {
                          "color": "hsl(195, 67%, 24%)",
                          "fontSize": 20,
                        },
                      ]
                    }
                  >
                    J
                  </Text>
                </View>
              </View>
              <View
                style={
                  {
                    "paddingLeft": 8,
                  }
                }
              >
                <Text
                  style={
                    {
                      "color": "#666666",
                      "fontFamily": "Inter-Regular",
                      "fontSize": 16,
                      "lineHeight": 22,
                    }
                  }
                >
                  requesting
                </Text>
                <Text
                  style={
                    {
                      "color": "#2E3338",
                      "fontFamily": "Inter-Medium",
                      "fontSize": 16,
                      "lineHeight": 22,
                    }
                  }
                >
                  Jane Doe
                </Text>
              </View>
            </View>
            <Text
              style={
                {
                  "color": "#2E3338",
                  "fontFamily": "Inter-SemiBold",
                  "fontSize": 32,
                  "lineHeight": 40,
                  "paddingVertical": 8,
                }
              }
            >
              ₱
              1.33
            </Text>
            <TextInput
              autoFocus={false}
              blurOnSubmit={true}
              maxLength={70}
              multiline={true}
              numberOfLines={5}
              onBlur={[Function]}
              onChangeText={[Function]}
              placeholder="addDescription"
              placeholderTextColor="#1AB775"
              returnKeyType="done"
              style={
                {
                  "alignSelf": "stretch",
                  "color": "#2E3338",
                  "flex": 1,
                  "fontFamily": "Inter-Regular",
                  "fontSize": 18,
                  "height": 100,
                  "lineHeight": 24,
                  "textAlignVertical": "top",
                }
              }
              testID="commentInput/request"
              value=""
            />
          </View>
        </View>
      </View>
    </RCTScrollView>
    <View
      style={
        {
          "padding": 16,
          "paddingBottom": 8,
        }
      }
    >
      <View
        style={
          [
            {
              "flexDirection": "row",
              "flexWrap": "wrap",
              "justifyContent": "space-between",
              "marginVertical": 5,
            },
            undefined,
          ]
        }
      >
        <View
          style={
            {
              "alignItems": "center",
              "flexDirection": "row",
              "marginRight": 5,
            }
          }
        >
          <Text
            style={
              [
                {
                  "color": "#2E3338",
                  "fontFamily": "Inter-Regular",
                  "fontSize": 16,
                  "lineHeight": 22,
                },
                {
                  "color": "#2E3338",
                  "fontFamily": "Inter-SemiBold",
                  "fontSize": 16,
                  "lineHeight": 22,
                },
              ]
            }
            testID="LineItemRowTitle/undefined"
          >
            total
          </Text>
        </View>
        <Text
          style={
            [
              {
                "color": "#2E3338",
                "fontFamily": "Inter-Regular",
                "fontSize": 16,
                "lineHeight": 22,
              },
              {
                "color": "#2E3338",
                "fontFamily": "Inter-SemiBold",
                "fontSize": 16,
                "lineHeight": 22,
              },
            ]
          }
          testID="LineItemRow/undefined"
        >
          <Text
            testID="TotalLineItem/Total"
          >
            ₱
            1.33
          </Text>
        </Text>
      </View>
      <View
        style={
          [
            {
              "flexDirection": "row",
              "flexWrap": "wrap",
              "justifyContent": "space-between",
              "marginVertical": 5,
            },
            {
              "marginVertical": 0,
            },
          ]
        }
      >
        <View
          style={
            {
              "alignItems": "center",
              "flexDirection": "row",
              "marginRight": 5,
            }
          }
        >
          <Text
            style={
              [
                {
                  "color": "#2E3338",
                  "fontFamily": "Inter-Regular",
                  "fontSize": 16,
                  "lineHeight": 22,
                },
                {
                  "color": "#666666",
                  "fontFamily": "Inter-Regular",
                  "fontSize": 14,
                  "lineHeight": 18,
                },
              ]
            }
            testID="LineItemRowTitle/undefined"
          >
            <Text
              style={
                {
                  "color": "#666666",
                  "fontFamily": "Inter-Regular",
                  "fontSize": 14,
                  "lineHeight": 18,
                }
              }
              testID="TotalLineItem/ExchangeRate"
            >
              tokenExchanteRate, {"symbol":"cUSD"}
              <Text>
                ₱
                1.33
              </Text>
            </Text>
          </Text>
        </View>
        <Text
          style={
            [
              {
                "color": "#2E3338",
                "fontFamily": "Inter-Regular",
                "fontSize": 16,
                "lineHeight": 22,
              },
              {
                "color": "#666666",
                "fontFamily": "Inter-Regular",
                "fontSize": 14,
                "lineHeight": 18,
              },
            ]
          }
          testID="LineItemRow/undefined"
        >
          <Text
            testID="TotalLineItem/Subtotal"
          >
            1.00
             cUSD
          </Text>
        </Text>
      </View>
    </View>
    <View
      style={
        {
          "marginHorizontal": 16,
          "paddingVertical": 16,
        }
      }
    >
      <View
        style={
          [
            {
              "flexDirection": "column",
            },
            {
              "marginBottom": 16,
            },
          ]
        }
      >
        <View
          style={
            [
              {
                "overflow": "hidden",
              },
              {
                "borderRadius": 100,
              },
            ]
          }
        >
          <View
            accessibilityState={
              {
                "busy": undefined,
                "checked": undefined,
                "disabled": false,
                "expanded": undefined,
                "selected": undefined,
              }
            }
            accessibilityValue={
              {
                "max": undefined,
                "min": undefined,
                "now": undefined,
                "text": undefined,
              }
            }
            accessible={true}
            focusable={true}
            nativeBackgroundAndroid={
              {
                "attribute": "selectableItemBackground",
                "rippleRadius": undefined,
                "type": "ThemeAttrAndroid",
              }
            }
            onClick={[Function]}
            onResponderGrant={[Function]}
            onResponderMove={[Function]}
            onResponderRelease={[Function]}
            onResponderTerminate={[Function]}
            onResponderTerminationRequest={[Function]}
            onStartShouldSetResponder={[Function]}
            style={
              [
                {
                  "alignItems": "center",
                  "backgroundColor": "#1AB775",
                  "flexDirection": "row",
                  "flexGrow": 1,
                  "height": 48,
                  "justifyContent": "center",
                  "opacity": undefined,
                  "paddingHorizontal": 24,
                  "paddingVertical": 5,
                },
                undefined,
              ]
            }
            testID="ConfirmButton"
          >
            <Text
              accessibilityLabel="request"
              maxFontSizeMultiplier={1}
              style={
                {
                  "color": "#FFFFFF",
                  "fontFamily": "Inter-SemiBold",
                  "fontSize": 16,
                  "lineHeight": 22,
                  "marginLeft": 0,
                  "marginRight": 0,
                }
              }
            >
              request
            </Text>
          </View>
        </View>
      </View>
    </View>
    <View
      collapsable={false}
      style={
        [
          {
            "bottom": 0,
            "left": 0,
            "right": 0,
          },
          {
            "height": 0,
          },
          undefined,
        ]
      }
    />
  </View>
</RNCSafeAreaView>
`;
