// Jest Snapshot v1, https://goo.gl/fbAQLP

exports[`TokenBottomSheet renders correctly 1`] = `
<View
  style={
    Object {
      "bottom": 0,
      "justifyContent": "flex-end",
      "left": 0,
      "position": "absolute",
      "right": 0,
      "top": 0,
      "zIndex": 1,
    }
  }
  testID="TokenBottomSheetContainer"
>
  <View
    style={
      Array [
        Object {
          "backgroundColor": "#1B392F",
          "height": "100%",
          "opacity": 0.5,
          "position": "absolute",
          "width": "100%",
        },
        undefined,
      ]
    }
  >
    <RNGestureHandlerButton
      collapsable={false}
      onGestureEvent={[Function]}
      onGestureHandlerEvent={[Function]}
      onGestureHandlerStateChange={[Function]}
      onHandlerStateChange={[Function]}
      rippleColor={0}
      testID="BackgroundTouchable"
    >
      <View
        accessible={true}
        style={
          Object {
            "height": "100%",
            "width": "100%",
          }
        }
      />
    </RNGestureHandlerButton>
  </View>
  <View
    onLayout={[Function]}
    style={
      Array [
        Object {
          "backgroundColor": "#FFFFFF",
          "borderTopLeftRadius": 16,
          "borderTopRightRadius": 16,
          "bottom": 0,
          "opacity": 1,
          "padding": 24,
          "position": "absolute",
          "width": "100%",
        },
        Object {
          "paddingBottom": 24,
        },
        undefined,
      ]
    }
  >
    <Text
      style={
        Object {
          "color": "#2E3338",
          "fontFamily": "Jost-Medium",
          "fontSize": 22,
          "lineHeight": 28,
          "marginBottom": 8,
        }
      }
    >
      selectBalance
    </Text>
    <View
      accessible={true}
      focusable={true}
      nativeBackgroundAndroid={
        Object {
          "attribute": "selectableItemBackground",
          "rippleRadius": undefined,
          "type": "ThemeAttrAndroid",
        }
      }
      onClick={[Function]}
      onResponderGrant={[Function]}
      onResponderMove={[Function]}
      onResponderRelease={[Function]}
      onResponderTerminate={[Function]}
      onResponderTerminationRequest={[Function]}
      onStartShouldSetResponder={[Function]}
      testID="cUSDTouchable"
    >
      <View
        style={
          Object {
            "alignItems": "center",
            "flexDirection": "row",
            "paddingVertical": 16,
          }
        }
      >
        <Text
          style={
            Object {
              "color": "#2E3338",
              "flex": 1,
              "fontFamily": "Inter-Medium",
              "fontSize": 16,
              "lineHeight": 22,
            }
          }
        >
          stableBalance
        </Text>
        <View
          style={
            Object {
              "alignItems": "flex-end",
            }
          }
        >
          <Text
            style={
              Array [
                Object {
                  "color": "#2E3338",
                  "fontFamily": "Inter-Regular",
                  "fontSize": 16,
                  "lineHeight": 22,
                },
                Object {
                  "color": "#2E3338",
                },
              ]
            }
            testID="LocalcUSDBalance/value"
          >
            
            $
            13.30
          </Text>
          <Text
            style={
              Array [
                Object {
                  "color": "#9CA4A9",
                  "fontFamily": "Inter-Regular",
                  "fontSize": 14,
                  "lineHeight": 18,
                },
                Object {
                  "color": "#9CA4A9",
                },
              ]
            }
            testID="cUSDBalance/value"
          >
            
            10.00
             cUSD
          </Text>
        </View>
      </View>
    </View>
    <View
      style={
        Object {
          "backgroundColor": "#EDEEEF",
          "height": 1,
          "width": "100%",
        }
      }
    />
    <View
      accessible={true}
      focusable={true}
      nativeBackgroundAndroid={
        Object {
          "attribute": "selectableItemBackground",
          "rippleRadius": undefined,
          "type": "ThemeAttrAndroid",
        }
      }
      onClick={[Function]}
      onResponderGrant={[Function]}
      onResponderMove={[Function]}
      onResponderRelease={[Function]}
      onResponderTerminate={[Function]}
      onResponderTerminationRequest={[Function]}
      onStartShouldSetResponder={[Function]}
      testID="cEURTouchable"
    >
      <View
        style={
          Object {
            "alignItems": "center",
            "flexDirection": "row",
            "paddingVertical": 16,
          }
        }
      >
        <Text
          style={
            Object {
              "color": "#2E3338",
              "flex": 1,
              "fontFamily": "Inter-Medium",
              "fontSize": 16,
              "lineHeight": 22,
            }
          }
        >
          stableBalance
        </Text>
        <View
          style={
            Object {
              "alignItems": "flex-end",
            }
          }
        >
          <Text
            style={
              Array [
                Object {
                  "color": "#2E3338",
                  "fontFamily": "Inter-Regular",
                  "fontSize": 16,
                  "lineHeight": 22,
                },
                Object {
                  "color": "#2E3338",
                },
              ]
            }
            testID="LocalcEURBalance/value"
          >
            
            $
            40.00
          </Text>
          <Text
            style={
              Array [
                Object {
                  "color": "#9CA4A9",
                  "fontFamily": "Inter-Regular",
                  "fontSize": 14,
                  "lineHeight": 18,
                },
                Object {
                  "color": "#9CA4A9",
                },
              ]
            }
            testID="cEURBalance/value"
          >
            
            20.00
             cEUR
          </Text>
        </View>
      </View>
    </View>
  </View>
</View>
`;
