// Jest Snapshot v1, https://goo.gl/fbAQLP

exports[`TotalLineItem when there is an exchange rate to show renders correctly 1`] = `
Array [
  <View
    style={
      Array [
        Object {
          "flexDirection": "row",
          "justifyContent": "space-between",
          "marginVertical": 5,
        },
        undefined,
      ]
    }
  >
    <View
      style={
        Object {
          "alignItems": "center",
          "flexDirection": "row",
          "marginRight": 5,
        }
      }
    >
      <Text
        style={
          Array [
            Object {
              "color": "#2E3338",
              "fontFamily": "Inter-Regular",
              "fontSize": 16,
              "lineHeight": 22,
            },
            Object {
              "color": "#2E3338",
              "fontFamily": "Inter-SemiBold",
              "fontSize": 16,
              "lineHeight": 22,
            },
          ]
        }
      >
        total
      </Text>
    </View>
    <Text
      style={
        Array [
          Object {
            "color": "#2E3338",
            "fontFamily": "Inter-Regular",
            "fontSize": 16,
            "lineHeight": 22,
          },
          Object {
            "color": "#2E3338",
            "fontFamily": "Inter-SemiBold",
            "fontSize": 16,
            "lineHeight": 22,
          },
        ]
      }
    >
      <Text
        style={
          Array [
            undefined,
            Object {
              "color": undefined,
            },
          ]
        }
        testID="TotalLineItem/Total/value"
      >
        
        $
        0.10
      </Text>
    </Text>
  </View>,
  <View
    style={
      Array [
        Object {
          "flexDirection": "row",
          "justifyContent": "space-between",
          "marginVertical": 5,
        },
        Object {
          "marginVertical": 0,
        },
      ]
    }
  >
    <View
      style={
        Object {
          "alignItems": "center",
          "flexDirection": "row",
          "marginRight": 5,
        }
      }
    >
      <Text
        style={
          Array [
            Object {
              "color": "#2E3338",
              "fontFamily": "Inter-Regular",
              "fontSize": 16,
              "lineHeight": 22,
            },
            Object {
              "color": "#9CA4A9",
              "fontFamily": "Inter-Regular",
              "fontSize": 14,
              "lineHeight": 18,
            },
          ]
        }
      >
        <View
          accessible={true}
          focusable={false}
          nativeBackgroundAndroid={
            Object {
              "attribute": "selectableItemBackground",
              "rippleRadius": undefined,
              "type": "ThemeAttrAndroid",
            }
          }
          onClick={[Function]}
          onResponderGrant={[Function]}
          onResponderMove={[Function]}
          onResponderRelease={[Function]}
          onResponderTerminate={[Function]}
          onResponderTerminationRequest={[Function]}
          onStartShouldSetResponder={[Function]}
        >
          <Text
            style={
              Object {
                "color": "#9CA4A9",
                "fontFamily": "Inter-Regular",
                "fontSize": 14,
                "lineHeight": 18,
              }
            }
          >
            <Text
              style={
                Array [
                  undefined,
                  Object {
                    "color": undefined,
                  },
                ]
              }
              testID="TotalLineItem/ExchangeRate/value"
            >
              
              $
              100.00
            </Text>
          </Text>
        </View>
      </Text>
    </View>
    <Text
      style={
        Array [
          Object {
            "color": "#2E3338",
            "fontFamily": "Inter-Regular",
            "fontSize": 16,
            "lineHeight": 22,
          },
          Object {
            "color": "#9CA4A9",
            "fontFamily": "Inter-Regular",
            "fontSize": 14,
            "lineHeight": 18,
          },
        ]
      }
    >
      <Text
        style={
          Array [
            undefined,
            Object {
              "color": undefined,
            },
          ]
        }
        testID="TotalLineItem/Subtotal/value"
      >
        
        $
        10.00
      </Text>
    </Text>
  </View>,
]
`;
