// Jest Snapshot v1, https://goo.gl/fbAQLP

exports[`renders correctly 1`] = `
<Modal
  animationType="none"
  deviceHeight={1334}
  deviceWidth={null}
  hardwareAccelerated={false}
  hideModalContentWhileAnimating={false}
  onBackdropPress={[Function]}
  onModalHide={[Function]}
  onModalWillHide={[Function]}
  onModalWillShow={[Function]}
  onRequestClose={[Function]}
  panResponderThreshold={4}
  scrollHorizontal={false}
  scrollOffset={0}
  scrollOffsetMax={0}
  scrollTo={null}
  statusBarTranslucent={true}
  supportedOrientations={
    [
      "portrait",
      "landscape",
    ]
  }
  swipeThreshold={100}
  transparent={true}
  visible={true}
>
  <View
    accessibilityState={
      {
        "busy": undefined,
        "checked": undefined,
        "disabled": undefined,
        "expanded": undefined,
        "selected": undefined,
      }
    }
    accessible={true}
    collapsable={false}
    focusable={true}
    forwardedRef={[Function]}
    onClick={[Function]}
    onResponderGrant={[Function]}
    onResponderMove={[Function]}
    onResponderRelease={[Function]}
    onResponderTerminate={[Function]}
    onResponderTerminationRequest={[Function]}
    onStartShouldSetResponder={[Function]}
    style={
      {
        "backgroundColor": "black",
        "bottom": 0,
        "height": 1334,
        "left": 0,
        "opacity": 0,
        "position": "absolute",
        "right": 0,
        "top": 0,
        "width": 750,
      }
    }
  />
  <View
    collapsable={false}
    deviceHeight={1334}
    deviceWidth={null}
    forwardedRef={[Function]}
    hideModalContentWhileAnimating={false}
    onBackdropPress={[Function]}
    onModalHide={[Function]}
    onModalWillHide={[Function]}
    onModalWillShow={[Function]}
    panResponderThreshold={4}
    pointerEvents="box-none"
    scrollHorizontal={false}
    scrollOffset={0}
    scrollOffsetMax={0}
    scrollTo={null}
    statusBarTranslucent={true}
    style={
      {
        "flex": 1,
        "justifyContent": "center",
        "margin": 37.5,
        "transform": [
          {
            "translateY": 1334,
          },
        ],
      }
    }
    supportedOrientations={
      [
        "portrait",
        "landscape",
      ]
    }
    swipeThreshold={100}
  >
    <RNCSafeAreaView
      edges={
        [
          "bottom",
          "left",
          "right",
          "top",
        ]
      }
    >
      <View
        style={
          [
            {
              "backgroundColor": "#FFFFFF",
              "padding": 16,
            },
            {
              "borderRadius": 8,
            },
            {
              "elevation": 12,
              "shadowColor": "rgba(156, 164, 169, 0.4)",
              "shadowOffset": {
                "height": 2,
                "width": 0,
              },
              "shadowOpacity": 1,
              "shadowRadius": 12,
            },
            [
              {
                "backgroundColor": "#FFFFFF",
                "maxHeight": "100%",
                "padding": 24,
              },
              undefined,
            ],
          ]
        }
      >
        <RCTScrollView
          contentContainerStyle={
            {
              "alignItems": "center",
            }
          }
        >
          <View>
            <Text
              style={
                {
                  "color": "#2E3338",
                  "fontFamily": "Jost-Medium",
                  "fontSize": 22,
                  "lineHeight": 28,
                  "marginBottom": 12,
                  "textAlign": "center",
                }
              }
            >
              Dialog
            </Text>
            <Text
              style={
                {
                  "color": "#2E3338",
                  "fontFamily": "Inter-Regular",
                  "fontSize": 16,
                  "lineHeight": 22,
                  "marginBottom": 24,
                  "textAlign": "center",
                }
              }
            >
              "HELLO"
            </Text>
          </View>
        </RCTScrollView>
        <View
          style={
            {
              "flexDirection": "row",
              "flexWrap": "wrap",
              "justifyContent": "space-around",
              "maxWidth": "100%",
            }
          }
        >
          <View
            accessibilityState={
              {
                "busy": undefined,
                "checked": undefined,
                "disabled": undefined,
                "expanded": undefined,
                "selected": undefined,
              }
            }
            accessibilityValue={
              {
                "max": undefined,
                "min": undefined,
                "now": undefined,
                "text": undefined,
              }
            }
            accessible={true}
            focusable={true}
            nativeBackgroundAndroid={
              {
                "attribute": "selectableItemBackgroundBorderless",
                "rippleRadius": undefined,
                "type": "ThemeAttrAndroid",
              }
            }
            onClick={[Function]}
            onResponderGrant={[Function]}
            onResponderMove={[Function]}
            onResponderRelease={[Function]}
            onResponderTerminate={[Function]}
            onResponderTerminationRequest={[Function]}
            onStartShouldSetResponder={[Function]}
          >
            <Text
              style={
                [
                  {
                    "color": "#1AB775",
                    "fontFamily": "Inter-SemiBold",
                    "fontSize": 16,
                    "lineHeight": 22,
                  },
                  {
                    "paddingTop": 16,
                  },
                ]
              }
            >
              Press Me
            </Text>
          </View>
        </View>
      </View>
    </RNCSafeAreaView>
  </View>
</Modal>
`;
