// Jest Snapshot v1, https://goo.gl/fbAQLP

exports[`renders correctly 1`] = `
<View
  style={
    Object {
      "backgroundColor": "#E6E6E6",
      "height": 1,
      "marginHorizontal": 16,
    }
  }
/>
`;
