// Jest Snapshot v1, https://goo.gl/fbAQLP

exports[`renders text 1`] = `
<View
  style={
    [
      {
        "alignItems": "center",
        "backgroundColor": "#FFFFFF",
        "flexDirection": "row",
        "justifyContent": "space-between",
        "paddingHorizontal": 16,
        "paddingVertical": 8,
      },
      undefined,
    ]
  }
>
  <Text
    style={
      {
        "color": "#666666",
        "fontFamily": "Inter-Medium",
        "fontSize": 13,
        "lineHeight": 16,
      }
    }
  >
    This is a Test
  </Text>
</View>
`;
