// Jest Snapshot v1, https://goo.gl/fbAQLP

exports[`TotalLineItem when there is an exchange rate to show renders correctly 1`] = `
[
  <View
    style={
      [
        {
          "flexDirection": "row",
          "flexWrap": "wrap",
          "justifyContent": "space-between",
          "marginVertical": 5,
        },
        undefined,
      ]
    }
  >
    <View
      style={
        {
          "alignItems": "center",
          "flexDirection": "row",
          "marginRight": 5,
        }
      }
    >
      <Text
        style={
          [
            {
              "color": "#2E3338",
              "fontFamily": "Inter-Regular",
              "fontSize": 16,
              "lineHeight": 22,
            },
            {
              "color": "#2E3338",
              "fontFamily": "Inter-SemiBold",
              "fontSize": 16,
              "lineHeight": 22,
            },
          ]
        }
        testID="LineItemRowTitle/undefined"
      >
        total
      </Text>
    </View>
    <Text
      style={
        [
          {
            "color": "#2E3338",
            "fontFamily": "Inter-Regular",
            "fontSize": 16,
            "lineHeight": 22,
          },
          {
            "color": "#2E3338",
            "fontFamily": "Inter-SemiBold",
            "fontSize": 16,
            "lineHeight": 22,
          },
        ]
      }
      testID="LineItemRow/undefined"
    >
      <Text
        style={
          [
            undefined,
            {
              "color": undefined,
            },
          ]
        }
        testID="TotalLineItem/Total/value"
      >
        â‚±
        0.10
      </Text>
    </Text>
  </View>,
  <View
    style={
      [
        {
          "flexDirection": "row",
          "flexWrap": "wrap",
          "justifyContent": "space-between",
          "marginVertical": 5,
        },
        {
          "marginVertical": 0,
        },
      ]
    }
  >
    <View
      style={
        {
          "alignItems": "center",
          "flexDirection": "row",
          "marginRight": 5,
        }
      }
    >
      <Text
        style={
          [
            {
              "color": "#2E3338",
              "fontFamily": "Inter-Regular",
              "fontSize": 16,
              "lineHeight": 22,
            },
            {
              "color": "#666666",
              "fontFamily": "Inter-Regular",
              "fontSize": 14,
              "lineHeight": 18,
            },
          ]
        }
        testID="LineItemRowTitle/undefined"
      >
        <View
          accessibilityState={
            {
              "busy": undefined,
              "checked": undefined,
              "disabled": true,
              "expanded": undefined,
              "selected": undefined,
            }
          }
          accessibilityValue={
            {
              "max": undefined,
              "min": undefined,
              "now": undefined,
              "text": undefined,
            }
          }
          accessible={true}
          focusable={false}
          nativeBackgroundAndroid={
            {
              "attribute": "selectableItemBackground",
              "rippleRadius": undefined,
              "type": "ThemeAttrAndroid",
            }
          }
          onClick={[Function]}
          onResponderGrant={[Function]}
          onResponderMove={[Function]}
          onResponderRelease={[Function]}
          onResponderTerminate={[Function]}
          onResponderTerminationRequest={[Function]}
          onStartShouldSetResponder={[Function]}
        >
          <Text
            style={
              {
                "color": "#666666",
                "fontFamily": "Inter-Regular",
                "fontSize": 14,
                "lineHeight": 18,
              }
            }
          >
            totalInDollars
            <Text
              style={
                [
                  undefined,
                  {
                    "color": undefined,
                  },
                ]
              }
              testID="TotalLineItem/ExchangeRate/value"
            >
              $
              100.00
            </Text>
          </Text>
        </View>
      </Text>
    </View>
    <Text
      style={
        [
          {
            "color": "#2E3338",
            "fontFamily": "Inter-Regular",
            "fontSize": 16,
            "lineHeight": 22,
          },
          {
            "color": "#666666",
            "fontFamily": "Inter-Regular",
            "fontSize": 14,
            "lineHeight": 18,
          },
        ]
      }
      testID="LineItemRow/undefined"
    >
      <Text
        style={
          [
            undefined,
            {
              "color": undefined,
            },
          ]
        }
        testID="TotalLineItem/Subtotal/value"
      >
        $
        10.00
      </Text>
    </Text>
  </View>,
]
`;
