// Jest Snapshot v1, https://goo.gl/fbAQLP

exports[`ConsumerIncentivesHomeScreen renders correctly 1`] = `
<RNCSafeAreaView
  style={
    Object {
      "flex": 1,
      "justifyContent": "space-between",
    }
  }
>
  <RCTScrollView
    contentContainerStyle={
      Object {
        "alignItems": "center",
        "marginHorizontal": 24,
      }
    }
    showsVerticalScrollIndicator={false}
  >
    <View>
      <View
        accessible={true}
        focusable={true}
        hitSlop={
          Object {
            "bottom": 10,
            "left": 10,
            "right": 10,
            "top": 10,
          }
        }
        nativeBackgroundAndroid={
          Object {
            "attribute": "selectableItemBackgroundBorderless",
            "rippleRadius": undefined,
            "type": "ThemeAttrAndroid",
          }
        }
        onClick={[Function]}
        onResponderGrant={[Function]}
        onResponderMove={[Function]}
        onResponderRelease={[Function]}
        onResponderTerminate={[Function]}
        onResponderTerminationRequest={[Function]}
        onStartShouldSetResponder={[Function]}
        style={
          Array [
            Object {
              "alignSelf": "flex-start",
            },
            Object {
              "marginTop": 0,
            },
          ]
        }
      >
        <svg
          height={16}
          style={Object {}}
          viewBox="0 0 16 16"
          width={16}
          xmlns="http://www.w3.org/2000/svg"
        >
          <path
            d="M13.9999 2.00146L1.99994 14.0015"
            stroke="#2E3338"
            strokeLinecap="round"
            strokeLinejoin="round"
            strokeWidth={2}
            style={Object {}}
          />
          <path
            d="M1.99994 2.00146L13.9999 14.0015"
            stroke="#2E3338"
            strokeLinecap="round"
            strokeLinejoin="round"
            strokeWidth={2}
            style={Object {}}
          />
        </svg>
      </View>
      <Image
        source={
          Object {
            "testUri": "../../../packages/mobile/src/images/earnMain.png",
          }
        }
      />
      <Text
        style={
          Object {
            "color": "#2E3338",
            "fontFamily": "Jost-Medium",
            "fontSize": 22,
            "lineHeight": 28,
            "marginTop": 32,
            "textAlign": "center",
          }
        }
      >
        title
      </Text>
      <Text
        style={
          Object {
            "color": "#2E3338",
            "fontFamily": "Inter-Regular",
            "fontSize": 16,
            "lineHeight": 22,
            "marginTop": 12,
            "textAlign": "center",
          }
        }
      >
        summary, {"percent":5}
      </Text>
      <View
        style={
          Object {
            "flex": 1,
            "flexDirection": "row",
            "marginTop": 24,
            "width": "100%",
          }
        }
      >
        <Image
          resizeMode="contain"
          source={
            Object {
              "testUri": "../../../packages/mobile/src/images/earn1.png",
            }
          }
          style={
            Object {
              "marginRight": 12,
            }
          }
        />
        <View
          style={
            Object {
              "flex": 1,
              "flexDirection": "column",
              "marginLeft": 12,
            }
          }
        >
          <Text
            style={
              Object {
                "color": "#2E3338",
                "fontFamily": "Inter-SemiBold",
                "fontSize": 16,
                "lineHeight": 22,
              }
            }
          >
            earnWeekly.header
          </Text>
          <Text
            style={
              Object {
                "color": "#2E3338",
                "fontFamily": "Inter-Regular",
                "fontSize": 14,
                "lineHeight": 18,
              }
            }
          >
            earnWeekly.text
          </Text>
        </View>
      </View>
      <View
        style={
          Object {
            "flex": 1,
            "flexDirection": "row",
            "marginTop": 24,
            "width": "100%",
          }
        }
      >
        <Image
          resizeMode="contain"
          source={
            Object {
              "testUri": "../../../packages/mobile/src/images/earn2.png",
            }
          }
          style={
            Object {
              "marginRight": 12,
            }
          }
        />
        <View
          style={
            Object {
              "flex": 1,
              "flexDirection": "column",
              "marginLeft": 12,
            }
          }
        >
          <Text
            style={
              Object {
                "color": "#2E3338",
                "fontFamily": "Inter-SemiBold",
                "fontSize": 16,
                "lineHeight": 22,
              }
            }
          >
            noMinCommitment.header
          </Text>
          <Text
            style={
              Object {
                "color": "#2E3338",
                "fontFamily": "Inter-Regular",
                "fontSize": 14,
                "lineHeight": 18,
              }
            }
          >
            noMinCommitment.earningText
          </Text>
        </View>
      </View>
      <View
        style={
          Object {
            "flex": 1,
            "flexDirection": "row",
            "marginTop": 24,
            "width": "100%",
          }
        }
      >
        <Image
          resizeMode="contain"
          source={
            Object {
              "testUri": "../../../packages/mobile/src/images/earn3.png",
            }
          }
          style={
            Object {
              "marginRight": 12,
            }
          }
        />
        <View
          style={
            Object {
              "flex": 1,
              "flexDirection": "column",
              "marginLeft": 12,
            }
          }
        >
          <Text
            style={
              Object {
                "color": "#2E3338",
                "fontFamily": "Inter-SemiBold",
                "fontSize": 16,
                "lineHeight": 22,
              }
            }
          >
            saveMoreEarnMore.header
          </Text>
          <Text
            style={
              Object {
                "color": "#2E3338",
                "fontFamily": "Inter-Regular",
                "fontSize": 14,
                "lineHeight": 18,
              }
            }
          >
            saveMoreEarnMore.text, {"rewardsMax":1000,"percent":5}
          </Text>
        </View>
      </View>
      <Text
        style={
          Array [
            Object {
              "color": "#2E3338",
              "fontFamily": "Inter-Regular",
              "fontSize": 16,
              "lineHeight": 22,
              "marginTop": 12,
              "textAlign": "center",
            },
            Object {
              "marginTop": 24,
            },
          ]
        }
      >
        conclusion
      </Text>
      <RNGestureHandlerButton
        collapsable={false}
        onGestureEvent={[Function]}
        onGestureHandlerEvent={[Function]}
        onGestureHandlerStateChange={[Function]}
        onHandlerStateChange={[Function]}
        rippleColor={0}
        testID="ConsumerIncentives/learnMore"
      >
        <View
          accessible={true}
          style={
            Array [
              Object {},
              Object {
                "opacity": 1,
              },
            ]
          }
        >
          <Text
            style={
              Object {
                "color": "#1AB775",
                "fontFamily": "Jost-Medium",
                "fontSize": 17,
                "lineHeight": 22,
                "marginVertical": 24,
              }
            }
          >
            global:learnMore
          </Text>
        </View>
      </RNGestureHandlerButton>
    </View>
  </RCTScrollView>
  <View
    style={
      Object {
        "borderTopColor": "#EDEEEF",
        "borderTopWidth": 1,
        "paddingHorizontal": 24,
        "paddingVertical": 16,
      }
    }
  >
    <View
      style={
        Array [
          Object {
            "flexDirection": "column",
          },
          undefined,
        ]
      }
    >
      <View
        style={
          Array [
            Object {
              "overflow": "hidden",
            },
            Object {
              "borderRadius": 100,
            },
          ]
        }
      >
        <View
          accessible={true}
          focusable={true}
          nativeBackgroundAndroid={
            Object {
              "attribute": "selectableItemBackground",
              "rippleRadius": undefined,
              "type": "ThemeAttrAndroid",
            }
          }
          onClick={[Function]}
          onResponderGrant={[Function]}
          onResponderMove={[Function]}
          onResponderRelease={[Function]}
          onResponderTerminate={[Function]}
          onResponderTerminationRequest={[Function]}
          onStartShouldSetResponder={[Function]}
          style={
            Object {
              "alignItems": "center",
              "backgroundColor": "#1AB775",
              "flexGrow": 1,
              "height": 48,
              "justifyContent": "center",
              "opacity": undefined,
              "paddingHorizontal": 24,
              "paddingVertical": 5,
            }
          }
          testID="ConsumerIncentives/CTA"
        >
          <Text
            maxFontSizeMultiplier={1}
            style={
              Object {
                "color": "#FFFFFF",
                "fontFamily": "Inter-SemiBold",
                "fontSize": 16,
                "lineHeight": 22,
              }
            }
          >
            addCusd
          </Text>
        </View>
      </View>
    </View>
  </View>
</RNCSafeAreaView>
`;
