// Jest Snapshot v1, https://goo.gl/fbAQLP

exports[`EscrowedPaymentReminderNotification renders correctly 1`] = `
<View
  style={
    Object {
      "marginBottom": 16,
    }
  }
>
  <View
    style={
      Array [
        Object {
          "backgroundColor": "#FFFFFF",
          "padding": 16,
        },
        Object {
          "borderRadius": 8,
        },
        Object {
          "elevation": 12,
          "shadowColor": "rgba(156, 164, 169, 0.4)",
          "shadowOffset": Object {
            "height": 2,
            "width": 0,
          },
          "shadowOpacity": 1,
          "shadowRadius": 12,
        },
        Array [
          Object {
            "flex": 1,
            "minHeight": 144,
          },
          Object {},
        ],
      ]
    }
    testID="EscrowedPaymentListItem"
  >
    <View
      style={
        Object {
          "flex": 1,
          "flexDirection": "row",
        }
      }
    >
      <View
        style={
          Object {
            "flex": 1,
            "marginRight": 16,
          }
        }
      >
        <Text
          numberOfLines={2}
          style={
            Object {
              "color": "#9CA4A9",
              "fontFamily": "Inter-Regular",
              "fontSize": 13,
              "lineHeight": 16,
              "marginBottom": 4,
            }
          }
          testID="EscrowedPaymentListItem/Title"
        >
          escrowPaymentNotificationTitle, {"mobile":"John Doe"}
        </Text>
        <Text
          numberOfLines={1}
          style={
            Object {
              "color": "#2E3338",
              "fontFamily": "Inter-SemiBold",
              "fontSize": 24,
              "lineHeight": 28,
              "marginBottom": 2,
            }
          }
          testID="EscrowedPaymentListItem/Amount"
        >
          <Text
            testID="EscrowedPaymentListItem/amount"
          >
            
            â‚±
            13.30
          </Text>
        </Text>
        <Text
          style={
            Object {
              "color": "#2E3338",
              "fontFamily": "Inter-Regular",
              "fontSize": 14,
              "lineHeight": 18,
            }
          }
          testID="EscrowedPaymentListItem/Details"
        />
      </View>
      <View
        style={Object {}}
      >
        <View
          style={
            Array [
              Object {
                "alignItems": "center",
                "flexDirection": "row",
                "justifyContent": "center",
              },
              undefined,
            ]
          }
        >
          <View
            style={
              Array [
                Object {
                  "alignItems": "center",
                  "justifyContent": "center",
                },
                Object {
                  "backgroundColor": "hsl(0, 53%, 93%)",
                  "borderRadius": 20,
                  "height": 40,
                  "width": 40,
                },
              ]
            }
          >
            <Text
              allowFontScaling={false}
              style={
                Array [
                  Object {
                    "color": "#FFFFFF",
                    "fontFamily": "Inter-Medium",
                    "fontSize": 16,
                  },
                  Object {
                    "color": "hsl(0, 67%, 24%)",
                    "fontSize": 20,
                  },
                ]
              }
            >
              J
            </Text>
          </View>
        </View>
      </View>
    </View>
    <View
      style={
        Object {
          "flexDirection": "row",
          "flexWrap": "wrap",
          "justifyContent": "flex-start",
        }
      }
      testID="EscrowedPaymentListItem/CallToActions"
    >
      <View
        accessible={true}
        focusable={true}
        nativeBackgroundAndroid={
          Object {
            "attribute": "selectableItemBackgroundBorderless",
            "rippleRadius": undefined,
            "type": "ThemeAttrAndroid",
          }
        }
        onClick={[Function]}
        onResponderGrant={[Function]}
        onResponderMove={[Function]}
        onResponderRelease={[Function]}
        onResponderTerminate={[Function]}
        onResponderTerminationRequest={[Function]}
        onStartShouldSetResponder={[Function]}
        testID="EscrowedPaymentListItem/CallToActions/remind/Button"
      >
        <Text
          style={
            Array [
              Object {
                "color": "#1AB775",
                "fontFamily": "Inter-SemiBold",
                "fontSize": 16,
                "lineHeight": 22,
              },
              Object {
                "fontSize": 14,
                "lineHeight": 16,
                "marginRight": 24,
                "minHeight": 16,
                "minWidth": 48,
              },
            ]
          }
        >
          remind
        </Text>
      </View>
      <View
        accessible={true}
        focusable={true}
        nativeBackgroundAndroid={
          Object {
            "attribute": "selectableItemBackgroundBorderless",
            "rippleRadius": undefined,
            "type": "ThemeAttrAndroid",
          }
        }
        onClick={[Function]}
        onResponderGrant={[Function]}
        onResponderMove={[Function]}
        onResponderRelease={[Function]}
        onResponderTerminate={[Function]}
        onResponderTerminationRequest={[Function]}
        onStartShouldSetResponder={[Function]}
        testID="EscrowedPaymentListItem/CallToActions/reclaim/Button"
      >
        <Text
          style={
            Array [
              Object {
                "color": "#1AB775",
                "fontFamily": "Inter-SemiBold",
                "fontSize": 16,
                "lineHeight": 22,
              },
              Object {
                "fontSize": 14,
                "lineHeight": 16,
                "marginRight": 24,
                "minHeight": 16,
                "minWidth": 48,
              },
            ]
          }
        >
          reclaim
        </Text>
      </View>
    </View>
  </View>
</View>
`;
