// Jest Snapshot v1, https://goo.gl/fbAQLP

exports[`SummaryNotification renders correctly 1`] = `
<View
  style={
    [
      {
        "backgroundColor": "#FFFFFF",
        "padding": 16,
      },
      {
        "borderRadius": 8,
      },
      undefined,
      [
        {
          "borderColor": "#E6E6E6",
          "borderWidth": 1,
          "flex": 1,
          "minHeight": 144,
        },
        {},
      ],
    ]
  }
>
  <View
    style={
      {
        "flex": 1,
        "flexDirection": "row",
      }
    }
  >
    <View
      style={
        {
          "width": 40,
        }
      }
    >
      <View />
    </View>
    <View
      style={
        {
          "flex": 1,
          "justifyContent": "space-between",
          "marginLeft": 16,
        }
      }
    >
      <Text
        style={
          {
            "color": "#2E3338",
            "fontFamily": "Jost-Medium",
            "fontSize": 18,
            "lineHeight": 22,
            "marginBottom": 4,
          }
        }
        testID="undefined/Title"
      >
        Test
      </Text>
      <Text
        numberOfLines={3}
        style={
          {
            "color": "#505050",
            "flex": 1,
            "fontFamily": "Inter-Regular",
            "fontSize": 14,
            "lineHeight": 18,
          }
        }
        testID="undefined/Details"
      >
        someI18nKey, {"context":"moreThan3Items"}
      </Text>
      <View
        style={
          {
            "flexDirection": "row",
            "flexWrap": "wrap",
            "justifyContent": "flex-start",
          }
        }
        testID="undefined/CallToActions"
      >
        <View
          accessibilityState={
            {
              "busy": undefined,
              "checked": undefined,
              "disabled": undefined,
              "expanded": undefined,
              "selected": undefined,
            }
          }
          accessibilityValue={
            {
              "max": undefined,
              "min": undefined,
              "now": undefined,
              "text": undefined,
            }
          }
          accessible={true}
          focusable={true}
          nativeBackgroundAndroid={
            {
              "attribute": "selectableItemBackgroundBorderless",
              "rippleRadius": undefined,
              "type": "ThemeAttrAndroid",
            }
          }
          onClick={[Function]}
          onResponderGrant={[Function]}
          onResponderMove={[Function]}
          onResponderRelease={[Function]}
          onResponderTerminate={[Function]}
          onResponderTerminationRequest={[Function]}
          onStartShouldSetResponder={[Function]}
          testID="undefined/CallToActions/viewAll/Button"
        >
          <Text
            style={
              [
                {
                  "color": "#1AB775",
                  "fontFamily": "Inter-SemiBold",
                  "fontSize": 16,
                  "lineHeight": 24,
                },
                {
                  "fontSize": 14,
                  "lineHeight": 16,
                  "marginRight": 24,
                  "minHeight": 16,
                  "minWidth": 48,
                },
              ]
            }
          >
            viewAll
          </Text>
        </View>
      </View>
    </View>
  </View>
</View>
`;
