// Jest Snapshot v1, https://goo.gl/fbAQLP

exports[`ShakeForSupport does not render when App not active 1`] = `
<Modal
  animationType="none"
  hardwareAccelerated={false}
  hideModalContentWhileAnimating={false}
  onModalHide={[Function]}
  onModalWillHide={[Function]}
  onModalWillShow={[Function]}
  onRequestClose={[Function]}
  scrollHorizontal={false}
  scrollOffset={0}
  scrollOffsetMax={0}
  scrollTo={null}
  supportedOrientations={
    Array [
      "portrait",
      "landscape",
    ]
  }
  swipeThreshold={100}
  transparent={true}
  visible={false}
>
  <View
    accessible={true}
    focusable={true}
    forwardedRef={[Function]}
    onClick={[Function]}
    onResponderGrant={[Function]}
    onResponderMove={[Function]}
    onResponderRelease={[Function]}
    onResponderTerminate={[Function]}
    onResponderTerminationRequest={[Function]}
    onStartShouldSetResponder={[Function]}
    style={
      Object {
        "backgroundColor": "black",
        "bottom": 0,
        "height": 1334,
        "left": 0,
        "opacity": 0,
        "position": "absolute",
        "right": 0,
        "top": 0,
        "width": 750,
      }
    }
  />
  <View
    forwardedRef={[Function]}
    hideModalContentWhileAnimating={false}
    onModalHide={[Function]}
    onModalWillHide={[Function]}
    onModalWillShow={[Function]}
    pointerEvents="box-none"
    scrollHorizontal={false}
    scrollOffset={0}
    scrollOffsetMax={0}
    scrollTo={null}
    style={
      Object {
        "flex": 1,
        "justifyContent": "center",
        "margin": 0,
        "transform": Array [
          Object {
            "translateY": 0,
          },
        ],
      }
    }
    supportedOrientations={
      Array [
        "portrait",
        "landscape",
      ]
    }
    swipeThreshold={100}
  >
    <RNCSafeAreaView
      style={
        Object {
          "alignItems": "center",
          "backgroundColor": "#FFFFFF",
          "borderTopLeftRadius": 16,
          "borderTopRightRadius": 16,
          "bottom": 0,
          "padding": 24,
          "position": "absolute",
          "width": "100%",
        }
      }
    >
      <View
        accessible={true}
        focusable={true}
        hitSlop={
          Object {
            "bottom": 10,
            "left": 10,
            "right": 10,
            "top": 10,
          }
        }
        nativeBackgroundAndroid={
          Object {
            "attribute": "selectableItemBackgroundBorderless",
            "rippleRadius": undefined,
            "type": "ThemeAttrAndroid",
          }
        }
        onClick={[Function]}
        onResponderGrant={[Function]}
        onResponderMove={[Function]}
        onResponderRelease={[Function]}
        onResponderTerminate={[Function]}
        onResponderTerminationRequest={[Function]}
        onStartShouldSetResponder={[Function]}
        style={
          Object {
            "alignSelf": "flex-end",
            "margin": 2,
          }
        }
      >
        <svg
          height={16}
          style={Object {}}
          viewBox="0 0 16 16"
          width={16}
          xmlns="http://www.w3.org/2000/svg"
        >
          <path
            d="M13.9999 2.00146L1.99994 14.0015"
            stroke="#2E3338"
            strokeLinecap="round"
            strokeLinejoin="round"
            strokeWidth={2}
            style={Object {}}
          />
          <path
            d="M1.99994 2.00146L13.9999 14.0015"
            stroke="#2E3338"
            strokeLinecap="round"
            strokeLinejoin="round"
            strokeWidth={2}
            style={Object {}}
          />
        </svg>
      </View>
      <Text
        style={
          Object {
            "color": "#2E3338",
            "fontFamily": "Jost-Medium",
            "fontSize": 22,
            "lineHeight": 28,
            "marginTop": 16,
          }
        }
        testID="HavingTrouble"
      >
        accountScreen10:havingTrouble
      </Text>
      <Text
        style={
          Object {
            "color": "#2E3338",
            "fontFamily": "Inter-Regular",
            "fontSize": 16,
            "lineHeight": 22,
            "marginBottom": 16,
            "marginTop": 8,
            "textAlign": "center",
          }
        }
        testID="ShakeForSupport"
      >
        accountScreen10:shakeForSupport
      </Text>
      <View
        style={
          Array [
            Object {
              "flexDirection": "row",
            },
            undefined,
          ]
        }
      >
        <View
          style={
            Array [
              Object {
                "overflow": "hidden",
              },
              Object {
                "borderRadius": 100,
              },
            ]
          }
        >
          <View
            accessible={true}
            focusable={true}
            nativeBackgroundAndroid={
              Object {
                "attribute": "selectableItemBackground",
                "rippleRadius": undefined,
                "type": "ThemeAttrAndroid",
              }
            }
            onClick={[Function]}
            onResponderGrant={[Function]}
            onResponderMove={[Function]}
            onResponderRelease={[Function]}
            onResponderTerminate={[Function]}
            onResponderTerminationRequest={[Function]}
            onStartShouldSetResponder={[Function]}
            style={
              Object {
                "alignItems": "center",
                "backgroundColor": "#1AB775",
                "height": 48,
                "justifyContent": "center",
                "minWidth": 120,
                "opacity": undefined,
                "paddingHorizontal": 24,
                "paddingVertical": 5,
              }
            }
            testID="ContactSupportFromShake"
          >
            <Text
              maxFontSizeMultiplier={1}
              style={
                Object {
                  "color": "#FFFFFF",
                  "fontFamily": "Inter-SemiBold",
                  "fontSize": 16,
                  "lineHeight": 22,
                }
              }
            >
              accountScreen10:contactSupport
            </Text>
          </View>
        </View>
      </View>
    </RNCSafeAreaView>
  </View>
</Modal>
`;

exports[`ShakeForSupport renders correctly when App is active 1`] = `
<Modal
  animationType="none"
  hardwareAccelerated={false}
  hideModalContentWhileAnimating={false}
  onModalHide={[Function]}
  onModalWillHide={[Function]}
  onModalWillShow={[Function]}
  onRequestClose={[Function]}
  scrollHorizontal={false}
  scrollOffset={0}
  scrollOffsetMax={0}
  scrollTo={null}
  supportedOrientations={
    Array [
      "portrait",
      "landscape",
    ]
  }
  swipeThreshold={100}
  transparent={true}
  visible={false}
>
  <View
    accessible={true}
    focusable={true}
    forwardedRef={[Function]}
    onClick={[Function]}
    onResponderGrant={[Function]}
    onResponderMove={[Function]}
    onResponderRelease={[Function]}
    onResponderTerminate={[Function]}
    onResponderTerminationRequest={[Function]}
    onStartShouldSetResponder={[Function]}
    style={
      Object {
        "backgroundColor": "black",
        "bottom": 0,
        "height": 1334,
        "left": 0,
        "opacity": 0,
        "position": "absolute",
        "right": 0,
        "top": 0,
        "width": 750,
      }
    }
  />
  <View
    forwardedRef={[Function]}
    hideModalContentWhileAnimating={false}
    onModalHide={[Function]}
    onModalWillHide={[Function]}
    onModalWillShow={[Function]}
    pointerEvents="box-none"
    scrollHorizontal={false}
    scrollOffset={0}
    scrollOffsetMax={0}
    scrollTo={null}
    style={
      Object {
        "flex": 1,
        "justifyContent": "center",
        "margin": 0,
        "transform": Array [
          Object {
            "translateY": 0,
          },
        ],
      }
    }
    supportedOrientations={
      Array [
        "portrait",
        "landscape",
      ]
    }
    swipeThreshold={100}
  >
    <RNCSafeAreaView
      style={
        Object {
          "alignItems": "center",
          "backgroundColor": "#FFFFFF",
          "borderTopLeftRadius": 16,
          "borderTopRightRadius": 16,
          "bottom": 0,
          "padding": 24,
          "position": "absolute",
          "width": "100%",
        }
      }
    >
      <View
        accessible={true}
        focusable={true}
        hitSlop={
          Object {
            "bottom": 10,
            "left": 10,
            "right": 10,
            "top": 10,
          }
        }
        nativeBackgroundAndroid={
          Object {
            "attribute": "selectableItemBackgroundBorderless",
            "rippleRadius": undefined,
            "type": "ThemeAttrAndroid",
          }
        }
        onClick={[Function]}
        onResponderGrant={[Function]}
        onResponderMove={[Function]}
        onResponderRelease={[Function]}
        onResponderTerminate={[Function]}
        onResponderTerminationRequest={[Function]}
        onStartShouldSetResponder={[Function]}
        style={
          Object {
            "alignSelf": "flex-end",
            "margin": 2,
          }
        }
      >
        <svg
          height={16}
          style={Object {}}
          viewBox="0 0 16 16"
          width={16}
          xmlns="http://www.w3.org/2000/svg"
        >
          <path
            d="M13.9999 2.00146L1.99994 14.0015"
            stroke="#2E3338"
            strokeLinecap="round"
            strokeLinejoin="round"
            strokeWidth={2}
            style={Object {}}
          />
          <path
            d="M1.99994 2.00146L13.9999 14.0015"
            stroke="#2E3338"
            strokeLinecap="round"
            strokeLinejoin="round"
            strokeWidth={2}
            style={Object {}}
          />
        </svg>
      </View>
      <Text
        style={
          Object {
            "color": "#2E3338",
            "fontFamily": "Jost-Medium",
            "fontSize": 22,
            "lineHeight": 28,
            "marginTop": 16,
          }
        }
        testID="HavingTrouble"
      >
        accountScreen10:havingTrouble
      </Text>
      <Text
        style={
          Object {
            "color": "#2E3338",
            "fontFamily": "Inter-Regular",
            "fontSize": 16,
            "lineHeight": 22,
            "marginBottom": 16,
            "marginTop": 8,
            "textAlign": "center",
          }
        }
        testID="ShakeForSupport"
      >
        accountScreen10:shakeForSupport
      </Text>
      <View
        style={
          Array [
            Object {
              "flexDirection": "row",
            },
            undefined,
          ]
        }
      >
        <View
          style={
            Array [
              Object {
                "overflow": "hidden",
              },
              Object {
                "borderRadius": 100,
              },
            ]
          }
        >
          <View
            accessible={true}
            focusable={true}
            nativeBackgroundAndroid={
              Object {
                "attribute": "selectableItemBackground",
                "rippleRadius": undefined,
                "type": "ThemeAttrAndroid",
              }
            }
            onClick={[Function]}
            onResponderGrant={[Function]}
            onResponderMove={[Function]}
            onResponderRelease={[Function]}
            onResponderTerminate={[Function]}
            onResponderTerminationRequest={[Function]}
            onStartShouldSetResponder={[Function]}
            style={
              Object {
                "alignItems": "center",
                "backgroundColor": "#1AB775",
                "height": 48,
                "justifyContent": "center",
                "minWidth": 120,
                "opacity": undefined,
                "paddingHorizontal": 24,
                "paddingVertical": 5,
              }
            }
            testID="ContactSupportFromShake"
          >
            <Text
              maxFontSizeMultiplier={1}
              style={
                Object {
                  "color": "#FFFFFF",
                  "fontFamily": "Inter-SemiBold",
                  "fontSize": 16,
                  "lineHeight": 22,
                }
              }
            >
              accountScreen10:contactSupport
            </Text>
          </View>
        </View>
      </View>
    </RNCSafeAreaView>
  </View>
</Modal>
`;
