// Jest Snapshot v1, https://goo.gl/fbAQLP

exports[`TransferFeedItem renders correctly 1`] = `
<View
  accessibilityState={
    Object {
      "disabled": false,
    }
  }
  accessible={true}
  focusable={true}
  nativeBackgroundAndroid={
    Object {
      "attribute": "selectableItemBackground",
      "rippleRadius": undefined,
      "type": "ThemeAttrAndroid",
    }
  }
  onClick={[Function]}
  onResponderGrant={[Function]}
  onResponderMove={[Function]}
  onResponderRelease={[Function]}
  onResponderTerminate={[Function]}
  onResponderTerminationRequest={[Function]}
  onStartShouldSetResponder={[Function]}
>
  <View
    style={
      Object {
        "flex": 1,
        "flexDirection": "row",
        "justifyContent": "space-between",
        "paddingHorizontal": 16,
        "paddingVertical": 12,
      }
    }
  >
    <View
      style={
        Object {
          "alignItems": "center",
          "flexDirection": "column",
        }
      }
    >
      <View
        style={
          Array [
            Object {
              "alignItems": "center",
              "flexDirection": "row",
              "justifyContent": "center",
            },
            undefined,
          ]
        }
      >
        <View
          style={
            Array [
              Object {
                "alignItems": "center",
                "justifyContent": "center",
              },
              Object {
                "backgroundColor": "hsl(101, 53%, 93%)",
                "borderRadius": 20,
                "height": 40,
                "width": 40,
              },
            ]
          }
        >
          <svg
            fill="hsl(101, 53%, 93%)"
            height="40"
            style={Object {}}
            viewBox="0 0 40 40"
            width="40"
          />
        </View>
      </View>
    </View>
    <View
      style={
        Object {
          "flex": 1,
          "marginLeft": 16,
        }
      }
    >
      <View
        style={
          Object {
            "flexDirection": "row",
            "marginTop": -1,
          }
        }
      >
        <Text
          style={
            Object {
              "color": "#2E3338",
              "flexShrink": 1,
              "fontFamily": "Inter-Medium",
              "fontSize": 16,
              "lineHeight": 22,
            }
          }
          testID="TransferFeedItem/title"
        >
          feedItemSentTitle, {"displayName":"feedItemAddress, {\\"address\\":\\"0xFdd8...3075\\"}"}
        </Text>
        <Text
          style={
            Array [
              Object {
                "color": "#2E3338",
                "flexWrap": "wrap",
                "fontFamily": "Inter-Medium",
                "fontSize": 16,
                "lineHeight": 22,
                "marginLeft": "auto",
                "minWidth": "40%",
                "paddingLeft": 10,
                "textAlign": "right",
              },
              Object {
                "color": "#1AB775",
              },
            ]
          }
          testID="TransferFeedItem/amount"
        >
          +
          â‚±
          13.30
        </Text>
      </View>
      <View
        style={
          Object {
            "flexDirection": "row",
            "marginTop": -1,
          }
        }
      >
        <Text
          style={
            Object {
              "color": "#9CA4A9",
              "fontFamily": "Inter-Regular",
              "fontSize": 14,
              "lineHeight": 18,
              "paddingTop": 2,
            }
          }
          testID="TransferFeedItem/subtitle"
        >
          feedItemSentInfo, {"context":"noComment"}
        </Text>
        <Text
          style={
            Object {
              "color": "#9CA4A9",
              "flexWrap": "wrap",
              "fontFamily": "Inter-Regular",
              "fontSize": 14,
              "lineHeight": 18,
              "marginLeft": "auto",
              "minWidth": "40%",
              "paddingLeft": 10,
              "paddingTop": 2,
              "textAlign": "right",
            }
          }
          testID="TransferFeedItem/tokenAmount"
        >
          
          10.00
           cUSD
        </Text>
      </View>
    </View>
  </View>
</View>
`;
