// Jest Snapshot v1, https://goo.gl/fbAQLP

exports[`Education renders correctly 1`] = `
<RNCSafeAreaView
  edges={
    {
      "bottom": "additive",
      "left": "additive",
      "right": "additive",
      "top": "additive",
    }
  }
  style={
    [
      {
        "flex": 1,
      },
      undefined,
    ]
  }
  testID="Education"
>
  <View
    style={
      {
        "flexDirection": "row",
        "paddingLeft": 24,
        "paddingVertical": 16,
        "width": "100%",
      }
    }
    testID="Education/top"
  >
    <View
      accessibilityState={
        {
          "busy": undefined,
          "checked": undefined,
          "disabled": undefined,
          "expanded": undefined,
          "selected": undefined,
        }
      }
      accessibilityValue={
        {
          "max": undefined,
          "min": undefined,
          "now": undefined,
          "text": undefined,
        }
      }
      accessible={true}
      focusable={true}
      hitSlop={
        {
          "bottom": 10,
          "left": 10,
          "right": 10,
          "top": 10,
        }
      }
      nativeBackgroundAndroid={
        {
          "attribute": "selectableItemBackgroundBorderless",
          "rippleRadius": undefined,
          "type": "ThemeAttrAndroid",
        }
      }
      onClick={[Function]}
      onResponderGrant={[Function]}
      onResponderMove={[Function]}
      onResponderRelease={[Function]}
      onResponderTerminate={[Function]}
      onResponderTerminationRequest={[Function]}
      onStartShouldSetResponder={[Function]}
      testID="Education/CloseIcon"
    >
      <svg
        height={16}
        style={{}}
        testID="Times"
        viewBox="0 0 16 16"
        width={16}
        xmlns="http://www.w3.org/2000/svg"
      >
        <path
          d="M13.9999 2.00146L1.99994 14.0015"
          stroke="#2E3338"
          strokeLinecap="round"
          strokeLinejoin="round"
          strokeWidth={2}
          style={{}}
        />
        <path
          d="M1.99994 2.00146L13.9999 14.0015"
          stroke="#2E3338"
          strokeLinecap="round"
          strokeLinejoin="round"
          strokeWidth={2}
          style={{}}
        />
      </svg>
    </View>
  </View>
  <View
    style={
      {
        "alignItems": "center",
        "flex": 1,
        "flexWrap": "wrap",
        "justifyContent": "center",
        "paddingBottom": 24,
      }
    }
  >
    <RCTScrollView
      horizontal={true}
      onScroll={[Function]}
      pagingEnabled={true}
      showsHorizontalScrollIndicator={false}
      testID="ScrollContainer"
    >
      <View>
        <RCTScrollView
          contentContainerStyle={
            {
              "alignItems": "center",
              "flexGrow": 1,
              "justifyContent": "center",
              "paddingHorizontal": 12,
            }
          }
          showsVerticalScrollIndicator={false}
          style={
            {
              "margin": 16,
              "width": 718,
            }
          }
        >
          <View>
            <View
              style={
                {
                  "flex": 1,
                  "justifyContent": "center",
                }
              }
            >
              <Text
                style={
                  {
                    "color": "#2E3338",
                    "fontFamily": "Jost-Medium",
                    "fontSize": 22,
                    "lineHeight": 28,
                    "marginTop": 24,
                    "textAlign": "center",
                  }
                }
              >
                Step 1
              </Text>
              <Text
                style={
                  {
                    "color": "#2E3338",
                    "fontFamily": "Inter-Regular",
                    "fontSize": 16,
                    "lineHeight": 22,
                    "marginBottom": 24,
                    "paddingTop": 16,
                    "textAlign": "center",
                  }
                }
              >
                The Journey Begins
              </Text>
            </View>
          </View>
        </RCTScrollView>
      </View>
    </RCTScrollView>
    <View
      style={
        [
          {
            "flexDirection": "row",
          },
          undefined,
        ]
      }
    >
      <View
        style={
          [
            {
              "overflow": "hidden",
            },
            {
              "borderRadius": 100,
            },
          ]
        }
      >
        <View
          accessibilityState={
            {
              "busy": undefined,
              "checked": undefined,
              "disabled": undefined,
              "expanded": undefined,
              "selected": undefined,
            }
          }
          accessibilityValue={
            {
              "max": undefined,
              "min": undefined,
              "now": undefined,
              "text": undefined,
            }
          }
          accessible={true}
          focusable={true}
          nativeBackgroundAndroid={
            {
              "attribute": "selectableItemBackground",
              "rippleRadius": undefined,
              "type": "ThemeAttrAndroid",
            }
          }
          onClick={[Function]}
          onResponderGrant={[Function]}
          onResponderMove={[Function]}
          onResponderRelease={[Function]}
          onResponderTerminate={[Function]}
          onResponderTerminationRequest={[Function]}
          onStartShouldSetResponder={[Function]}
          style={
            [
              {
                "alignItems": "center",
                "backgroundColor": "#1AB775",
                "flexDirection": "row",
                "height": 48,
                "justifyContent": "center",
                "minWidth": 120,
                "opacity": undefined,
                "paddingHorizontal": 24,
                "paddingVertical": 5,
              },
              undefined,
            ]
          }
          testID="Education/progressButton"
        >
          <Text
            maxFontSizeMultiplier={1}
            style={
              {
                "color": "#FFFFFF",
                "fontFamily": "Inter-SemiBold",
                "fontSize": 16,
                "lineHeight": 22,
                "marginLeft": 0,
                "marginRight": 0,
              }
            }
          >
            Done
          </Text>
        </View>
      </View>
    </View>
  </View>
</RNCSafeAreaView>
`;
