// Jest Snapshot v1, https://goo.gl/fbAQLP

exports[`Persona renders correctly 1`] = `
<View
  style={
    Array [
      Object {
        "flexDirection": "row",
      },
      undefined,
    ]
  }
>
  <View
    style={
      Array [
        Object {
          "overflow": "hidden",
        },
        Object {
          "borderRadius": 100,
        },
      ]
    }
  >
    <View
      accessibilityState={
        Object {
          "disabled": true,
        }
      }
      accessible={true}
      focusable={false}
      nativeBackgroundAndroid={
        Object {
          "attribute": "selectableItemBackground",
          "rippleRadius": undefined,
          "type": "ThemeAttrAndroid",
        }
      }
      onClick={[Function]}
      onResponderGrant={[Function]}
      onResponderMove={[Function]}
      onResponderRelease={[Function]}
      onResponderTerminate={[Function]}
      onResponderTerminationRequest={[Function]}
      onStartShouldSetResponder={[Function]}
      style={
        Object {
          "alignItems": "center",
          "backgroundColor": "#97DFC1",
          "height": 48,
          "justifyContent": "center",
          "minWidth": 120,
          "opacity": undefined,
          "paddingHorizontal": 24,
          "paddingVertical": 5,
        }
      }
      testID="PersonaButton"
    >
      <Text
        maxFontSizeMultiplier={1}
        style={
          Object {
            "color": "#FFFFFF",
            "fontFamily": "Inter-SemiBold",
            "fontSize": 16,
            "lineHeight": 22,
          }
        }
      >
        raiseLimitBegin
      </Text>
    </View>
  </View>
</View>
`;
