// Jest Snapshot v1, https://goo.gl/fbAQLP

exports[`Contact withEmail renders correctly 1`] = `
<View
  style={
    Object {
      "flex": 1,
    }
  }
>
  <RCTScrollView
    contentContainerStyle={
      Object {
        "flexGrow": 1,
        "padding": 16,
      }
    }
  >
    <View>
      <Text
        style={
          Object {
            "color": "#2E3338",
            "fontFamily": "Jost-Book",
            "fontSize": 26,
            "lineHeight": 32,
            "marginVertical": 16,
          }
        }
        testID="ContactTitle"
      >
        contact
      </Text>
      <Text
        style={
          Object {
            "color": "#2E3338",
            "fontFamily": "Inter-SemiBold",
            "fontSize": 14,
            "lineHeight": 18,
          }
        }
      >
        message
      </Text>
      <View
        style={
          Array [
            Object {
              "alignItems": "center",
              "flex": 1,
              "flexDirection": "row",
              "justifyContent": "center",
            },
            Object {
              "alignItems": "flex-start",
              "borderColor": "#E6E6E6",
              "borderRadius": 4,
              "borderWidth": 1.5,
              "color": "#2E3338",
              "fontFamily": "Inter-Regular",
              "fontSize": 16,
              "height": 80,
              "lineHeight": 22,
              "marginBottom": 16,
              "marginTop": 8,
              "maxHeight": 150,
              "paddingHorizontal": 12,
              "paddingVertical": 4,
            },
          ]
        }
      >
        <TextInput
          multiline={true}
          numberOfLines={10}
          onBlur={[Function]}
          onChangeText={[Function]}
          onFocus={[Function]}
          placeholder="contactMessagePlaceholder"
          placeholderTextColor="#666666"
          style={
            Array [
              Object {
                "color": "#2E3338",
                "flex": 1,
                "fontFamily": "Inter-Regular",
                "fontSize": 16,
                "lineHeight": 22,
                "paddingHorizontal": 0,
                "paddingVertical": 12,
              },
              Object {
                "textAlignVertical": "top",
              },
              undefined,
            ]
          }
          testID="MessageEntry"
          underlineColorAndroid="transparent"
          value=""
        />
      </View>
      <View
        style={
          Object {
            "alignItems": "center",
            "flexDirection": "row",
            "flexShrink": 0,
            "height": 40,
            "marginTop": 4,
          }
        }
      >
        <AndroidSwitch
          accessibilityRole="switch"
          enabled={true}
          on={true}
          onChange={[Function]}
          onResponderTerminationRequest={[Function]}
          onStartShouldSetResponder={[Function]}
          style={
            Object {
              "marginBottom": 3,
              "marginRight": 10,
            }
          }
          testID="SwitchLogs"
          thumbTintColor="#E6E6E6"
          trackColorForFalse="#757575"
          trackColorForTrue="#1AB775"
          trackTintColor="#1AB775"
        />
        <Text
          style={
            Object {
              "color": "#2E3338",
              "fontFamily": "Inter-Regular",
              "fontSize": 16,
              "lineHeight": 22,
            }
          }
        >
          attachLogs
        </Text>
      </View>
      <View
        style={
          Object {
            "marginBottom": 24,
          }
        }
      >
        <Text
          style={
            Object {
              "color": "#666666",
              "fontFamily": "Inter-Regular",
              "fontSize": 14,
              "lineHeight": 18,
            }
          }
          testID="Legal"
        >
          supportLegalCheckbox
        </Text>
      </View>
      <View
        style={
          Array [
            Object {
              "flexDirection": "row",
            },
            undefined,
          ]
        }
      >
        <View
          style={
            Array [
              Object {
                "overflow": "hidden",
              },
              Object {
                "borderRadius": 100,
              },
            ]
          }
        >
          <View
            accessibilityState={
              Object {
                "disabled": true,
              }
            }
            accessible={true}
            focusable={false}
            nativeBackgroundAndroid={
              Object {
                "attribute": "selectableItemBackground",
                "rippleRadius": undefined,
                "type": "ThemeAttrAndroid",
              }
            }
            onClick={[Function]}
            onResponderGrant={[Function]}
            onResponderMove={[Function]}
            onResponderRelease={[Function]}
            onResponderTerminate={[Function]}
            onResponderTerminationRequest={[Function]}
            onStartShouldSetResponder={[Function]}
            style={
              Array [
                Object {
                  "alignItems": "center",
                  "backgroundColor": "#97DFC1",
                  "flexDirection": "row",
                  "height": 48,
                  "justifyContent": "center",
                  "minWidth": 120,
                  "opacity": undefined,
                  "paddingHorizontal": 24,
                  "paddingVertical": 5,
                },
                undefined,
              ]
            }
            testID="SubmitContactForm"
          >
            <Text
              maxFontSizeMultiplier={1}
              style={
                Object {
                  "color": "#FFFFFF",
                  "fontFamily": "Inter-SemiBold",
                  "fontSize": 16,
                  "lineHeight": 22,
                  "marginLeft": 0,
                  "marginRight": 0,
                }
              }
            >
              submit
            </Text>
          </View>
        </View>
      </View>
    </View>
  </RCTScrollView>
  <View
    collapsable={false}
    style={
      Array [
        Object {
          "bottom": 0,
          "left": 0,
          "right": 0,
        },
        Object {
          "height": 0,
        },
        undefined,
      ]
    }
  />
</View>
`;
