// Jest Snapshot v1, https://goo.gl/fbAQLP

exports[`SyncBankAccountScreen calls createFinclusiveBankAccount and exchangePlaidAccessToken 1`] = `
<View
  style={
    Object {
      "alignItems": "center",
      "flex": 1,
      "justifyContent": "center",
    }
  }
>
  <ActivityIndicator
    color="#42D689"
    size="small"
  />
  <Text
    style={
      Object {
        "color": "#1AB775",
        "fontFamily": "Inter-Regular",
        "fontSize": 14,
        "lineHeight": 18,
        "marginTop": 20,
      }
    }
  >
    syncingBankAccount
  </Text>
  <Text
    style={
      Object {
        "color": "#81868B",
        "fontFamily": "Inter-Regular",
        "fontSize": 14,
        "lineHeight": 18,
        "marginTop": 20,
      }
    }
  >
    keepAppOpen
  </Text>
</View>
`;
