// Jest Snapshot v1, https://goo.gl/fbAQLP

exports[`ActionRequest personal_sign renders correctly 1`] = `
<RNCSafeAreaView
  style={
    Object {
      "flex": 1,
    }
  }
>
  <RCTScrollView
    contentContainerStyle={
      Object {
        "alignItems": "center",
        "flexGrow": 1,
        "justifyContent": "center",
        "marginHorizontal": "15%",
      }
    }
  >
    <View>
      <View
        style={
          Object {
            "alignItems": "center",
          }
        }
      >
        <Image
          source={
            Object {
              "uri": "foo",
            }
          }
          style={
            Object {
              "height": 80,
              "width": 80,
            }
          }
        />
      </View>
      <Text
        style={
          Object {
            "color": "#2E3338",
            "fontFamily": "Jost-Book",
            "fontSize": 26,
            "lineHeight": 32,
            "paddingVertical": 16,
            "textAlign": "center",
          }
        }
      >
        connectToWallet, {"dappName":"foo"}
      </Text>
      <Text
        style={
          Object {
            "color": "#9CA4A9",
            "fontFamily": "Inter-Regular",
            "fontSize": 16,
            "lineHeight": 22,
            "textAlign": "center",
          }
        }
      >
        action.asking
        :
      </Text>
      <View
        style={
          Object {
            "alignItems": "center",
            "width": 200,
          }
        }
      >
        <Text
          style={
            Object {
              "color": "#2E3338",
              "fontFamily": "Inter-SemiBold",
              "fontSize": 13,
              "lineHeight": 16,
              "marginBottom": 4,
              "marginTop": 16,
            }
          }
        >
          action.operation
        </Text>
        <Text
          style={
            Object {
              "color": "#9CA4A9",
              "fontFamily": "Inter-Regular",
              "fontSize": 16,
              "lineHeight": 22,
              "textAlign": "center",
            }
          }
        >
          action.sign
        </Text>
        <Text
          style={
            Object {
              "color": "#2E3338",
              "fontFamily": "Inter-SemiBold",
              "fontSize": 13,
              "lineHeight": 16,
              "marginBottom": 4,
              "marginTop": 16,
            }
          }
        >
          action.data
        </Text>
        <RNGestureHandlerButton
          collapsable={false}
          onGestureEvent={[Function]}
          onGestureHandlerEvent={[Function]}
          onGestureHandlerStateChange={[Function]}
          onHandlerStateChange={[Function]}
          rippleColor={0}
        >
          <View
            accessible={true}
            style={
              Array [
                Object {},
                Object {
                  "opacity": 1,
                },
              ]
            }
          >
            <Text
              style={
                Array [
                  Object {
                    "color": "#9CA4A9",
                    "fontFamily": "Inter-Regular",
                    "fontSize": 16,
                    "lineHeight": 22,
                    "textAlign": "center",
                  },
                  Object {
                    "textDecorationLine": "underline",
                  },
                ]
              }
            >
              action.details
            </Text>
          </View>
        </RNGestureHandlerButton>
      </View>
      <View
        style={
          Object {
            "alignItems": "center",
            "flexDirection": "row",
            "justifyContent": "space-around",
            "width": "100%",
          }
        }
      >
        <View
          style={
            Array [
              Object {
                "flexDirection": "row",
              },
              Object {
                "marginTop": 24,
              },
            ]
          }
        >
          <View
            style={
              Array [
                Object {
                  "overflow": "hidden",
                },
                Object {
                  "borderRadius": 100,
                },
              ]
            }
          >
            <View
              accessible={true}
              focusable={true}
              nativeBackgroundAndroid={
                Object {
                  "attribute": "selectableItemBackground",
                  "rippleRadius": undefined,
                  "type": "ThemeAttrAndroid",
                }
              }
              onClick={[Function]}
              onResponderGrant={[Function]}
              onResponderMove={[Function]}
              onResponderRelease={[Function]}
              onResponderTerminate={[Function]}
              onResponderTerminationRequest={[Function]}
              onStartShouldSetResponder={[Function]}
              style={
                Object {
                  "alignItems": "center",
                  "backgroundColor": "#F1F0EB",
                  "height": 48,
                  "justifyContent": "center",
                  "minWidth": 120,
                  "opacity": undefined,
                  "paddingHorizontal": 24,
                  "paddingVertical": 5,
                }
              }
              testID="WalletConnectActionCancel"
            >
              <Text
                maxFontSizeMultiplier={1}
                style={
                  Object {
                    "color": "#2E3338",
                    "fontFamily": "Inter-SemiBold",
                    "fontSize": 16,
                    "lineHeight": 22,
                  }
                }
              >
                cancel
              </Text>
            </View>
          </View>
        </View>
        <View
          style={
            Array [
              Object {
                "flexDirection": "row",
              },
              Object {
                "marginTop": 24,
              },
            ]
          }
        >
          <View
            style={
              Array [
                Object {
                  "overflow": "hidden",
                },
                Object {
                  "borderRadius": 100,
                },
              ]
            }
          >
            <View
              accessible={true}
              focusable={true}
              nativeBackgroundAndroid={
                Object {
                  "attribute": "selectableItemBackground",
                  "rippleRadius": undefined,
                  "type": "ThemeAttrAndroid",
                }
              }
              onClick={[Function]}
              onResponderGrant={[Function]}
              onResponderMove={[Function]}
              onResponderRelease={[Function]}
              onResponderTerminate={[Function]}
              onResponderTerminationRequest={[Function]}
              onStartShouldSetResponder={[Function]}
              style={
                Object {
                  "alignItems": "center",
                  "backgroundColor": "#1AB775",
                  "height": 48,
                  "justifyContent": "center",
                  "minWidth": 120,
                  "opacity": undefined,
                  "paddingHorizontal": 24,
                  "paddingVertical": 5,
                }
              }
              testID="WalletConnectActionAllow"
            >
              <Text
                maxFontSizeMultiplier={1}
                style={
                  Object {
                    "color": "#FFFFFF",
                    "fontFamily": "Inter-SemiBold",
                    "fontSize": 16,
                    "lineHeight": 22,
                  }
                }
              >
                allow
              </Text>
            </View>
          </View>
        </View>
      </View>
    </View>
  </RCTScrollView>
</RNCSafeAreaView>
`;
