// Jest Snapshot v1, https://goo.gl/fbAQLP

exports[`renders banner when app is disconnected 1`] = `
<Text
  style={
    [
      {
        "color": "#2E3338",
        "fontFamily": "Inter-Regular",
        "fontSize": 14,
        "lineHeight": undefined,
        "textAlign": "center",
      },
      {
        "color": "#666666",
      },
      {
        "color": "#2E3338",
        "fontFamily": "Inter-SemiBold",
        "fontSize": 16,
        "lineHeight": 22,
      },
    ]
  }
  testID="connectingToCeloBanner"
>
  connectingToCelo
</Text>
`;
