// Jest Snapshot v1, https://goo.gl/fbAQLP

exports[`renders properly 1`] = `
<View
  onTouchStart={[Function]}
  style={
    Object {
      "marginBottom": 0,
    }
  }
  testID="SnapshotCeloGoldOverview"
>
  <View
    className="VictoryContainer"
    onMoveShouldSetResponder={[Function]}
    onMoveShouldSetResponderCapture={[Function]}
    onResponderEnd={[Function]}
    onResponderGrant={[Function]}
    onResponderMove={[Function]}
    onResponderReject={[Function]}
    onResponderRelease={[Function]}
    onResponderStart={[Function]}
    onResponderTerminate={[Function]}
    onResponderTerminationRequest={[Function]}
    onStartShouldSetResponder={[Function]}
    onStartShouldSetResponderCapture={[Function]}
    pointerEvents="box-none"
    style={
      Object {
        "position": "relative",
      }
    }
  >
    <svg
      height={180}
      role="img"
      style={
        Object {
          "height": "100%",
          "width": "100%",
        }
      }
      viewBox="0 0 750 180"
      width={750}
    >
      <g>
        <g>
          <line
            stroke="#EDEEEF"
            strokeWidth="1"
            x1={0}
            x2={750}
            y1={152.3076923076923}
            y2={152.3076923076923}
          />
          <circle
            cx={20.99904361864102}
            cy={152.3076923076923}
            fill="#EEB93C"
            r="4"
          />
        </g>
        <text
          fill="#9CA4A9"
          fontFamily="Inter-Regular"
          fontSize="14"
          onLayout={[Function]}
          textAnchor="middle"
          x={20.99904361864102}
          y={177.3076923076923}
        >
          $0.00
        </text>
        <g>
          <circle
            cx={729.000956381359}
            cy={27.692307692307693}
            fill="#EEB93C"
            r="4"
          />
        </g>
        <text
          fill="#9CA4A9"
          fontFamily="Inter-Regular"
          fontSize="14"
          onLayout={[Function]}
          textAnchor="middle"
          x={729.000956381359}
          y={11.692307692307693}
        >
          $9.09
        </text>
      </g>
      <g
        clipPath="url(#victory-clip-4)"
        style={
          Object {
            "height": "100%",
            "width": "100%",
          }
        }
      >
        <g>
          <defs>
            <clipPath
              id="victory-clip-4"
            >
              <rect
                height={180}
                vectorEffect="non-scaling-stroke"
                width={718}
                x={16}
                y={0}
              />
            </clipPath>
          </defs>
        </g>
        <path
          d="M20.99904361864102,152.3076923076923C24.932387578433897,152.23153846153846,28.865731538226772,152.1553846153846,32.79907549801965,152.07923076923078C36.732419457812526,152.00307692307692,40.66576341760541,151.9269230769231,44.59910737739829,151.85076923076923C48.53245133719117,151.77461538461537,52.46579529698404,151.69846153846154,56.39913925677692,151.6223076923077C60.3324832165698,151.54615384615383,64.26582717636268,151.47,68.19917113615556,151.39384615384614C72.13251509594843,151.31769230769228,76.0658590557413,151.24153846153843,79.99920301553418,151.1653846153846C83.93254697532706,151.08923076923074,87.86589093511995,151.01307692307694,91.79923489491283,150.93692307692308C95.73257885470571,150.86076923076925,99.66592281449857,150.78461538461536,103.59926677429145,150.70846153846153C107.53261073408433,150.63230769230768,111.46595469387721,150.55615384615388,115.39929865367009,150.48000000000002C119.33264261346297,150.4038461538462,123.26598657325583,150.32769230769233,127.19933053304871,150.25153846153847C131.1326744928416,150.17538461538462,135.06601845263447,150.0992307692308,138.99936241242736,150.02307692307693C142.93270637222022,149.94692307692307,146.86605033201312,149.87076923076924,150.79939429180598,149.79461538461538C154.73273825159887,149.71846153846153,158.66608221139174,149.6423076923077,162.59942617118463,149.56615384615384C166.5327701309775,149.49,170.4661140907704,149.41384615384615,174.39945805056325,149.33769230769232C178.33280201035615,149.26153846153846,182.266145970149,149.18538461538463,186.1994899299419,149.10923076923078C190.13283388973477,149.03307692307692,194.06617784952763,148.95692307692306,197.9995218093205,148.88076923076923C201.9328657691134,148.80461538461537,205.86620972890626,148.72846153846157,209.79955368869915,148.65230769230772C213.732897648492,148.5761538461539,217.6662416082849,148.50000000000003,221.59958556807777,148.42384615384617C225.53292952787066,148.3476923076923,229.46627348766353,148.27153846153848,233.39961744745642,148.19538461538463C237.3329614072493,148.11923076923077,241.26630536704215,148.04307692307694,245.19964932683502,147.96692307692308C249.1329932866279,147.89076923076922,253.06633724642077,147.8146153846154,256.99968120621367,147.73846153846154C260.93302516600653,147.66230769230768,264.86636912579945,147.58615384615385,268.7997130855923,147.51C272.7330570453852,147.43384615384613,276.66640100517805,147.35769230769228,280.5997449649709,147.28153846153845C284.5330889247638,147.2053846153846,288.4664328845567,147.1292307692308,292.39977684434956,147.05307692307693C296.3331208041424,146.9769230769231,300.2664647639353,146.90076923076924,304.19980872372815,146.82461538461538C308.1331526835211,146.74846153846153,312.06649664331394,146.6723076923077,315.99984060310686,146.59615384615384C319.9331845628997,146.52,323.86652852269265,146.44384615384618,327.7998724824855,146.36769230769232C331.7332164422784,146.2915384615385,335.66656040207124,146.21538461538464,339.5999043618641,146.13923076923078C343.53324832165697,146.06307692307692,347.46659228144983,145.9869230769231,351.3999362412427,145.91076923076923C355.3332802010356,145.83461538461538,359.2666241608285,145.75846153846155,363.1999681206214,145.6823076923077C367.13331208041427,145.60615384615386,371.06665604020714,145.53,375,145.45384615384617C378.93334395979286,145.3776923076923,382.8666879195858,145.30153846153848,386.80003187937865,145.22538461538463C390.7333758391715,145.14923076923077,394.6667197989644,145.07307692307694,398.60006375875724,144.99692307692308C402.5334077185501,144.92076923076922,406.46675167834303,144.8446153846154,410.4000956381359,144.76846153846154C414.33343959792876,144.69230769230768,418.2667835577217,144.61615384615385,422.20012751751455,144.54C426.1334714773074,144.46384615384616,430.0668154371003,144.3876923076923,434.00015939689314,144.31153846153848C437.93350335668606,144.23538461538462,441.8668473164789,144.1592307692308,445.80019127627185,144.08307692307693C449.7335352360647,144.00692307692307,453.6668791958576,143.93076923076924,457.60022315565044,143.85461538461539C461.5335671154433,143.77846153846153,465.46691107523617,143.7023076923077,469.40025503502903,143.62615384615384C473.3335989948219,143.54999999999998,477.2669429546148,143.47384615384615,481.2002869144077,143.3976923076923C485.1336308742006,143.32153846153844,489.06697483399347,143.2453846153846,493.0003187937864,143.16923076923075C496.93366275357926,143.09307692307692,500.86700671337206,143.01692307692306,504.8003506731649,142.94076923076923C508.7336946329578,142.86461538461538,512.6670385927507,142.78846153846155,516.6003825525436,142.7123076923077C520.5337265123364,142.63615384615383,524.4670704721294,142.56,528.4004144319223,142.48384615384614C532.3337583917152,142.40769230769232,536.267102351508,142.33153846153846,540.2004463113009,142.25538461538463C544.1337902710937,142.1792307692308,548.0671342308866,142.10307692307694,552.0004781906795,142.02692307692308C555.9338221504723,141.95076923076923,559.8671661102653,141.8746153846154,563.8005100700582,141.79846153846154C567.733854029851,141.72230769230768,571.6671979896439,141.64615384615385,575.6005419494368,141.57C579.5338859092296,141.49384615384614,583.4672298690225,141.41769230769228,587.4005738288154,141.34153846153845C591.3339177886082,141.2653846153846,595.2672617484012,141.1892307692308,599.2006057081941,141.11307692307693C603.1339496679869,141.0369230769231,607.0672936277798,140.96076923076924,611.0006375875727,140.8846153846154C614.9339815473655,140.80846153846153,618.8673255071584,140.7323076923077,622.8006694669513,140.65615384615387C626.7340134267441,140.58,630.6673573865371,140.50384615384618,634.60070134633,140.42769230769233C638.5340453061228,140.35153846153847,642.4673892659157,140.27538461538464,646.4007332257086,140.19923076923078C650.3340771855014,140.12307692307692,654.2674211452943,140.0469230769231,658.2007651050872,139.97076923076924C662.13410906488,139.89461538461538,666.067453024673,139.81846153846155,670.0007969844659,139.7423076923077C673.9341409442587,139.66615384615383,677.8674849040515,139.58999999999997,681.8008288638443,139.51384615384615C685.7341728236372,139.4376923076923,689.6675167834302,139.3615384615385,693.600860743223,139.28538461538463C697.5342047030159,139.20923076923077,701.4675486628089,139.13307692307694,705.4008926226018,139.05692307692308C709.3342365823946,138.98076923076923,713.2675805421874,138.98076923076923,717.2009245019802,138.82846153846154C721.1342684617731,138.67615384615385,725.0676124215661,83.18423076923077,729.000956381359,27.692307692307693"
          fill="none"
          role="presentation"
          shapeRendering="auto"
          stroke="#EEB93C"
          strokeWidth={2}
          width={3}
        />
      </g>
    </svg>
    <View
      pointerEvents="box-none"
      style={
        Object {
          "left": 0,
          "position": "absolute",
          "top": 0,
          "zIndex": 99,
        }
      }
    >
      <svg
        height={180}
        style={
          Object {
            "height": "100%",
            "overflow": "visible",
            "width": "100%",
          }
        }
        viewBox="0 0 750 180"
        width={750}
      />
    </View>
  </View>
  <View
    style={
      Object {
        "flexDirection": "row",
        "justifyContent": "space-between",
        "marginTop": 16,
        "paddingHorizontal": 16,
      }
    }
  >
    <Text
      style={
        Object {
          "color": "#B4B9BD",
          "fontSize": 16,
        }
      }
    >
      Oct 4
    </Text>
    <Text
      style={
        Object {
          "color": "#B4B9BD",
          "fontSize": 16,
        }
      }
    >
      Nov 3
    </Text>
  </View>
</View>
`;

exports[`renders while update is in progress 1`] = `
<View
  onTouchStart={[Function]}
  style={
    Object {
      "marginBottom": 0,
    }
  }
  testID="SnapshotCeloGoldOverview"
>
  <View
    className="VictoryContainer"
    onMoveShouldSetResponder={[Function]}
    onMoveShouldSetResponderCapture={[Function]}
    onResponderEnd={[Function]}
    onResponderGrant={[Function]}
    onResponderMove={[Function]}
    onResponderReject={[Function]}
    onResponderRelease={[Function]}
    onResponderStart={[Function]}
    onResponderTerminate={[Function]}
    onResponderTerminationRequest={[Function]}
    onStartShouldSetResponder={[Function]}
    onStartShouldSetResponderCapture={[Function]}
    pointerEvents="box-none"
    style={
      Object {
        "position": "relative",
      }
    }
  >
    <svg
      height={180}
      role="img"
      style={
        Object {
          "height": "100%",
          "width": "100%",
        }
      }
      viewBox="0 0 750 180"
      width={750}
    >
      <g>
        <g>
          <line
            stroke="#EDEEEF"
            strokeWidth="1"
            x1={0}
            x2={750}
            y1={152.3076923076923}
            y2={152.3076923076923}
          />
          <circle
            cx={20.99904361864102}
            cy={152.3076923076923}
            fill="#EEB93C"
            r="4"
          />
        </g>
        <text
          fill="#9CA4A9"
          fontFamily="Inter-Regular"
          fontSize="14"
          onLayout={[Function]}
          textAnchor="middle"
          x={20.99904361864102}
          y={177.3076923076923}
        >
          $0.12
        </text>
        <g>
          <circle
            cx={729.0009563813591}
            cy={27.692307692307693}
            fill="#EEB93C"
            r="4"
          />
        </g>
        <text
          fill="#9CA4A9"
          fontFamily="Inter-Regular"
          fontSize="14"
          onLayout={[Function]}
          textAnchor="middle"
          x={729.0009563813591}
          y={11.692307692307693}
        >
          $9.09
        </text>
      </g>
      <g
        clipPath="url(#victory-clip-2)"
        style={
          Object {
            "height": "100%",
            "width": "100%",
          }
        }
      >
        <g>
          <defs>
            <clipPath
              id="victory-clip-2"
            >
              <rect
                height={180}
                vectorEffect="non-scaling-stroke"
                width={718}
                x={16}
                y={0}
              />
            </clipPath>
          </defs>
        </g>
        <path
          d="M20.99904361864102,152.3076923076923L729.0009563813591,27.692307692307693"
          fill="none"
          role="presentation"
          shapeRendering="auto"
          stroke="#EEB93C"
          strokeWidth={2}
          width={3}
        />
      </g>
    </svg>
    <View
      pointerEvents="box-none"
      style={
        Object {
          "left": 0,
          "position": "absolute",
          "top": 0,
          "zIndex": 99,
        }
      }
    >
      <svg
        height={180}
        style={
          Object {
            "height": "100%",
            "overflow": "visible",
            "width": "100%",
          }
        }
        viewBox="0 0 750 180"
        width={750}
      />
    </View>
  </View>
  <View
    style={
      Object {
        "flexDirection": "row",
        "justifyContent": "space-between",
        "marginTop": 16,
        "paddingHorizontal": 16,
      }
    }
  >
    <Text
      style={
        Object {
          "color": "#B4B9BD",
          "fontSize": 16,
        }
      }
    >
      Dec 2
    </Text>
    <Text
      style={
        Object {
          "color": "#B4B9BD",
          "fontSize": 16,
        }
      }
    >
      Jan 1
    </Text>
  </View>
</View>
`;

exports[`renders without history 1`] = `
<View
  style={
    Object {
      "alignItems": "center",
      "height": 217.5,
      "justifyContent": "center",
      "width": 750,
    }
  }
>
  <ActivityIndicator
    color="#EEB93C"
    size="large"
  />
</View>
`;
