// Jest Snapshot v1, https://goo.gl/fbAQLP

exports[`WithdrawCeloSummary renders correctly 1`] = `
<View>
  <View
    style={
      Array [
        Object {
          "flexDirection": "row",
          "justifyContent": "space-between",
          "marginVertical": 5,
        },
        undefined,
      ]
    }
  >
    <View
      style={
        Object {
          "alignItems": "center",
          "flexDirection": "row",
          "marginRight": 5,
        }
      }
    >
      <Text
        style={
          Array [
            Object {
              "color": "#2E3338",
              "fontFamily": "Inter-Regular",
              "fontSize": 16,
              "lineHeight": 22,
            },
            Object {
              "color": "#2E3338",
              "fontFamily": "Inter-Regular",
              "fontSize": 16,
              "lineHeight": 22,
            },
          ]
        }
      >
        exchangeFlow9:withdrawCeloAmount
      </Text>
    </View>
    <Text
      style={
        Array [
          Object {
            "color": "#2E3338",
            "fontFamily": "Inter-Regular",
            "fontSize": 16,
            "lineHeight": 22,
          },
          Object {
            "color": "#2E3338",
            "fontFamily": "Inter-Regular",
            "fontSize": 16,
            "lineHeight": 22,
          },
        ]
      }
    >
      <Text
        style={
          Array [
            undefined,
            Object {
              "color": undefined,
            },
          ]
        }
        testID="undefined/value"
      >
        
        
        5.001
      </Text>
    </Text>
  </View>
  <View>
    <View
      accessible={true}
      focusable={true}
      nativeBackgroundAndroid={
        Object {
          "attribute": "selectableItemBackground",
          "rippleRadius": undefined,
          "type": "ThemeAttrAndroid",
        }
      }
      onClick={[Function]}
      onResponderGrant={[Function]}
      onResponderMove={[Function]}
      onResponderRelease={[Function]}
      onResponderTerminate={[Function]}
      onResponderTerminationRequest={[Function]}
      onStartShouldSetResponder={[Function]}
      testID="feeDrawer/WithdrawCelo"
    >
      <View
        style={
          Object {
            "flexDirection": "row",
            "justifyContent": "space-between",
          }
        }
      >
        <View
          style={
            Array [
              Object {
                "alignItems": "center",
                "flexDirection": "row",
              },
              undefined,
            ]
          }
        >
          <Text
            style={
              Object {
                "color": "#2E3338",
                "fontFamily": "Inter-Regular",
                "fontSize": 16,
                "lineHeight": 22,
              }
            }
          >
            feeEstimate
          </Text>
          <View
            style={
              Object {
                "transform": Array [
                  Object {
                    "rotate": "0deg",
                  },
                ],
              }
            }
          >
            <svg
              fill="none"
              height={16}
              viewBox="0 0 16 16"
              width={16}
            >
              <path
                d="M3 6l5 5 5-5"
                stroke="#B4B9BD"
              />
            </svg>
          </View>
        </View>
        <View
          style={
            Array [
              Object {
                "flexDirection": "row",
                "justifyContent": "space-between",
                "marginVertical": 5,
              },
              undefined,
            ]
          }
        >
          <View
            style={
              Object {
                "alignItems": "center",
                "flexDirection": "row",
                "marginRight": 5,
              }
            }
          >
            <Text
              style={
                Array [
                  Object {
                    "color": "#2E3338",
                    "fontFamily": "Inter-Regular",
                    "fontSize": 16,
                    "lineHeight": 22,
                  },
                  undefined,
                ]
              }
            >
              
            </Text>
          </View>
          <Text
            style={
              Array [
                Object {
                  "color": "#2E3338",
                  "fontFamily": "Inter-Regular",
                  "fontSize": 16,
                  "lineHeight": 22,
                },
                undefined,
              ]
            }
          >
            <Text
              style={
                Array [
                  undefined,
                  Object {
                    "color": undefined,
                  },
                ]
              }
              testID="feeDrawer/WithdrawCelo/totalFee/value"
            >
              
              
              1
            </Text>
          </Text>
        </View>
      </View>
    </View>
  </View>
  <View
    style={
      Array [
        Object {
          "flexDirection": "row",
          "justifyContent": "space-between",
          "marginVertical": 5,
        },
        undefined,
      ]
    }
  >
    <View
      style={
        Object {
          "alignItems": "center",
          "flexDirection": "row",
          "marginRight": 5,
        }
      }
    >
      <Text
        style={
          Array [
            Object {
              "color": "#2E3338",
              "fontFamily": "Inter-Regular",
              "fontSize": 16,
              "lineHeight": 22,
            },
            Object {
              "color": "#2E3338",
              "fontFamily": "Inter-SemiBold",
              "fontSize": 16,
              "lineHeight": 22,
            },
          ]
        }
      >
        total
      </Text>
    </View>
    <Text
      style={
        Array [
          Object {
            "color": "#2E3338",
            "fontFamily": "Inter-Regular",
            "fontSize": 16,
            "lineHeight": 22,
          },
          Object {
            "color": "#2E3338",
            "fontFamily": "Inter-SemiBold",
            "fontSize": 16,
            "lineHeight": 22,
          },
        ]
      }
    >
      <Text
        style={
          Array [
            undefined,
            Object {
              "color": undefined,
            },
          ]
        }
        testID="TotalLineItem/Total/value"
      >
        
        
        5.001
      </Text>
    </Text>
  </View>
  <View
    style={
      Array [
        Object {
          "flexDirection": "row",
          "justifyContent": "space-between",
          "marginVertical": 5,
        },
        Object {
          "marginVertical": 0,
        },
      ]
    }
  >
    <View
      style={
        Object {
          "alignItems": "center",
          "flexDirection": "row",
          "marginRight": 5,
        }
      }
    >
      <Text
        style={
          Array [
            Object {
              "color": "#2E3338",
              "fontFamily": "Inter-Regular",
              "fontSize": 16,
              "lineHeight": 22,
            },
            Object {
              "color": "#9CA4A9",
              "fontFamily": "Inter-Regular",
              "fontSize": 14,
              "lineHeight": 18,
            },
          ]
        }
      >
        <View
          accessible={true}
          focusable={false}
          nativeBackgroundAndroid={
            Object {
              "attribute": "selectableItemBackground",
              "rippleRadius": undefined,
              "type": "ThemeAttrAndroid",
            }
          }
          onClick={[Function]}
          onResponderGrant={[Function]}
          onResponderMove={[Function]}
          onResponderRelease={[Function]}
          onResponderTerminate={[Function]}
          onResponderTerminationRequest={[Function]}
          onStartShouldSetResponder={[Function]}
        >
          <Text
            style={
              Object {
                "color": "#9CA4A9",
                "fontFamily": "Inter-Regular",
                "fontSize": 14,
                "lineHeight": 18,
              }
            }
          >
            <Text
              style={
                Array [
                  undefined,
                  Object {
                    "color": undefined,
                  },
                ]
              }
              testID="TotalLineItem/ExchangeRate/value"
            >
              
              $
              3.00
            </Text>
          </Text>
        </View>
      </Text>
    </View>
    <Text
      style={
        Array [
          Object {
            "color": "#2E3338",
            "fontFamily": "Inter-Regular",
            "fontSize": 16,
            "lineHeight": 22,
          },
          Object {
            "color": "#9CA4A9",
            "fontFamily": "Inter-Regular",
            "fontSize": 14,
            "lineHeight": 18,
          },
        ]
      }
    >
      <Text
        style={
          Array [
            undefined,
            Object {
              "color": undefined,
            },
          ]
        }
        testID="TotalLineItem/Subtotal/value"
      >
        
        $
        15.00
      </Text>
    </Text>
  </View>
</View>
`;
